data/pos_data.csv
date,sku,units_sold,price,promo_flag
2023-08-24,ASYMMETRIC_CROPPED_KNIT_SWEATER,12,38.53,0
2023-08-25,ASYMMETRIC_CROPPED_KNIT_SWEATER,16,41.74,0
2023-08-26,ASYMMETRIC_CROPPED_KNIT_SWEATER,13,40.41,0
2023-08-27,ASYMMETRIC_CROPPED_KNIT_SWEATER,15,38.92,0
2023-08-28,ASYMMETRIC_CROPPED_KNIT_SWEATER,11,41.81,0
2023-08-29,ASYMMETRIC_CROPPED_KNIT_SWEATER,13,39.91,0
2023-08-30,ASYMMETRIC_CROPPED_KNIT_SWEATER,16,38.43,0
2023-08-31,ASYMMETRIC_CROPPED_KNIT_SWEATER,11,40.09,0
2023-09-01,ASYMMETRIC_CROPPED_KNIT_SWEATER,12,39.57,0
2023-09-02,ASYMMETRIC_CROPPED_KNIT_SWEATER,16,41.31,0
2023-09-03,ASYMMETRIC_CROPPED_KNIT_SWEATER,15,41.4,0
2023-09-04,ASYMMETRIC_CROPPED_KNIT_SWEATER,10,38.42,0
2023-09-05,ASYMMETRIC_CROPPED_KNIT_SWEATER,11,40.39,0
2023-09-06,ASYMMETRIC_CROPPED_KNIT_SWEATER,14,39.33,0
2023-09-07,ASYMMETRIC_CROPPED_KNIT_SWEATER,11,40.46,0
2023-09-08,ASYMMETRIC_CROPPED_KNIT_SWEATER,17,38.85,0
2023-09-09,ASYMMETRIC_CROPPED_KNIT_SWEATER,19,38.41,0
2023-09-10,ASYMMETRIC_CROPPED_KNIT_SWEATER,19,41.36,0
2023-09-11,ASYMMETRIC_CROPPED_KNIT_SWEATER,9,39.61,0
2023-09-12,ASYMMETRIC_CROPPED_KNIT_SWEATER,14,38.55,0
2023-09-13,ASYMMETRIC_CROPPED_KNIT_SWEATER,16,38.33,0
2023-09-14,ASYMMETRIC_CROPPED_KNIT_SWEATER,16,39.92,0
2023-09-15,ASYMMETRIC_CROPPED_KNIT_SWEATER,18,40.04,0
2023-09-16,ASYMMETRIC_CROPPED_KNIT_SWEATER,18,39.48,0
2023-09-17,ASYMMETRIC_CROPPED_KNIT_SWEATER,18,39.79,0
2023-09-18,ASYMMETRIC_CROPPED_KNIT_SWEATER,15,39.86,0
2023-09-19,ASYMMETRIC_CROPPED_KNIT_SWEATER,15,39.52,0
2023-09-20,ASYMMETRIC_CROPPED_KNIT_SWEATER,15,39.23,0
2023-09-21,ASYMMETRIC_CROPPED_KNIT_SWEATER,23,38.86,0
2023-09-22,ASYMMETRIC_CROPPED_KNIT_SWEATER,16,41.07,0
2023-09-23,ASYMMETRIC_CROPPED_KNIT_SWEATER,11,38.33,0
2023-09-24,ASYMMETRIC_CROPPED_KNIT_SWEATER,19,38.86,0
2023-09-25,ASYMMETRIC_CROPPED_KNIT_SWEATER,13,38.58,0
2023-09-26,ASYMMETRIC_CROPPED_KNIT_SWEATER,16,39.74,0
2023-09-27,ASYMMETRIC_CROPPED_KNIT_SWEATER,17,40.11,0
2023-09-28,ASYMMETRIC_CROPPED_KNIT_SWEATER,9,39.33,0
2023-09-29,ASYMMETRIC_CROPPED_KNIT_SWEATER,20,39.41,0
2023-09-30,ASYMMETRIC_CROPPED_KNIT_SWEATER,20,38.94,0
2023-10-01,ASYMMETRIC_CROPPED_KNIT_SWEATER,24,40.94,0
2023-10-02,ASYMMETRIC_CROPPED_KNIT_SWEATER,12,38.73,0
2023-10-03,ASYMMETRIC_CROPPED_KNIT_SWEATER,26,39.26,0
2023-10-04,ASYMMETRIC_CROPPED_KNIT_SWEATER,19,40.15,0
2023-10-05,ASYMMETRIC_CROPPED_KNIT_SWEATER,23,38.11,0
2023-10-06,ASYMMETRIC_CROPPED_KNIT_SWEATER,20,41.31,0
2023-10-07,ASYMMETRIC_CROPPED_KNIT_SWEATER,29,39.31,0
2023-10-08,ASYMMETRIC_CROPPED_KNIT_SWEATER,26,40.79,0
2023-10-09,ASYMMETRIC_CROPPED_KNIT_SWEATER,20,38.41,0
2023-10-10,ASYMMETRIC_CROPPED_KNIT_SWEATER,20,38.62,0
2023-10-11,ASYMMETRIC_CROPPED_KNIT_SWEATER,18,38.69,0
2023-10-12,ASYMMETRIC_CROPPED_KNIT_SWEATER,21,41.67,0
2023-10-13,ASYMMETRIC_CROPPED_KNIT_SWEATER,25,41.59,0
2023-10-14,ASYMMETRIC_CROPPED_KNIT_SWEATER,30,40.08,0
2023-10-15,ASYMMETRIC_CROPPED_KNIT_SWEATER,34,40.53,0
2023-10-16,ASYMMETRIC_CROPPED_KNIT_SWEATER,15,41.85,0
2023-10-17,ASYMMETRIC_CROPPED_KNIT_SWEATER,26,38.11,0
2023-10-18,ASYMMETRIC_CROPPED_KNIT_SWEATER,17,38.36,0
2023-10-19,ASYMMETRIC_CROPPED_KNIT_SWEATER,25,39.94,0
2023-10-20,ASYMMETRIC_CROPPED_KNIT_SWEATER,29,39.1,0
2023-10-21,ASYMMETRIC_CROPPED_KNIT_SWEATER,27,39.41,0
2023-10-22,ASYMMETRIC_CROPPED_KNIT_SWEATER,25,40.92,0
2023-10-23,ASYMMETRIC_CROPPED_KNIT_SWEATER,16,37.98,0
2023-10-24,ASYMMETRIC_CROPPED_KNIT_SWEATER,24,38.31,0
2023-10-25,ASYMMETRIC_CROPPED_KNIT_SWEATER,27,40.45,0
2023-10-26,ASYMMETRIC_CROPPED_KNIT_SWEATER,23,41.1,0
2023-10-27,ASYMMETRIC_CROPPED_KNIT_SWEATER,15,38.34,0
2023-10-28,ASYMMETRIC_CROPPED_KNIT_SWEATER,28,41.4,0
2023-10-29,ASYMMETRIC_CROPPED_KNIT_SWEATER,28,39.95,0
2023-10-30,ASYMMETRIC_CROPPED_KNIT_SWEATER,22,39.85,0
2023-10-31,ASYMMETRIC_CROPPED_KNIT_SWEATER,27,40.22,0
2023-11-01,ASYMMETRIC_CROPPED_KNIT_SWEATER,40,30.23,1
2023-11-02,ASYMMETRIC_CROPPED_KNIT_SWEATER,41,30.74,1
2023-11-03,ASYMMETRIC_CROPPED_KNIT_SWEATER,58,30.85,1
2023-11-04,ASYMMETRIC_CROPPED_KNIT_SWEATER,42,31.45,1
2023-11-05,ASYMMETRIC_CROPPED_KNIT_SWEATER,38,32.36,1
2023-11-06,ASYMMETRIC_CROPPED_KNIT_SWEATER,39,30.25,1
2023-11-07,ASYMMETRIC_CROPPED_KNIT_SWEATER,39,32.99,1
2023-11-08,ASYMMETRIC_CROPPED_KNIT_SWEATER,31,31.11,1
2023-11-09,ASYMMETRIC_CROPPED_KNIT_SWEATER,41,33.48,1
2023-11-10,ASYMMETRIC_CROPPED_KNIT_SWEATER,38,30.74,1
2023-11-11,ASYMMETRIC_CROPPED_KNIT_SWEATER,58,34.1,1
2023-11-12,ASYMMETRIC_CROPPED_KNIT_SWEATER,46,31.38,1
2023-11-13,ASYMMETRIC_CROPPED_KNIT_SWEATER,42,31.18,1
2023-11-14,ASYMMETRIC_CROPPED_KNIT_SWEATER,31,35.43,1
2023-11-15,ASYMMETRIC_CROPPED_KNIT_SWEATER,57,30.47,1
2023-11-16,ASYMMETRIC_CROPPED_KNIT_SWEATER,39,32.33,1
2023-11-17,ASYMMETRIC_CROPPED_KNIT_SWEATER,32,32.9,1
2023-11-18,ASYMMETRIC_CROPPED_KNIT_SWEATER,33,34.55,1
2023-11-19,ASYMMETRIC_CROPPED_KNIT_SWEATER,46,30.84,1
2023-11-20,ASYMMETRIC_CROPPED_KNIT_SWEATER,28,34.7,1
2023-11-21,ASYMMETRIC_CROPPED_KNIT_SWEATER,42,31.06,1
2023-11-22,ASYMMETRIC_CROPPED_KNIT_SWEATER,72,35.83,1
2023-11-23,ASYMMETRIC_CROPPED_KNIT_SWEATER,117,33.39,1
2023-11-24,ASYMMETRIC_CROPPED_KNIT_SWEATER,128,34.97,1
2023-11-25,ASYMMETRIC_CROPPED_KNIT_SWEATER,120,35.11,1
2023-11-26,ASYMMETRIC_CROPPED_KNIT_SWEATER,185,34.36,1
2023-11-27,ASYMMETRIC_CROPPED_KNIT_SWEATER,84,30.92,1
2023-11-28,ASYMMETRIC_CROPPED_KNIT_SWEATER,126,30.97,1
2023-11-29,ASYMMETRIC_CROPPED_KNIT_SWEATER,35,30.03,1
2023-11-30,ASYMMETRIC_CROPPED_KNIT_SWEATER,61,33.9,1
2023-12-01,ASYMMETRIC_CROPPED_KNIT_SWEATER,65,31.21,1
2023-12-02,ASYMMETRIC_CROPPED_KNIT_SWEATER,50,35.76,1
2023-12-03,ASYMMETRIC_CROPPED_KNIT_SWEATER,65,32.92,1
2023-12-04,ASYMMETRIC_CROPPED_KNIT_SWEATER,40,33.74,1
2023-12-05,ASYMMETRIC_CROPPED_KNIT_SWEATER,38,35.48,1
2023-12-06,ASYMMETRIC_CROPPED_KNIT_SWEATER,57,33.83,1
2023-12-07,ASYMMETRIC_CROPPED_KNIT_SWEATER,52,32.11,1
2023-12-08,ASYMMETRIC_CROPPED_KNIT_SWEATER,62,33.29,1
2023-12-09,ASYMMETRIC_CROPPED_KNIT_SWEATER,57,34.2,1
2023-12-10,ASYMMETRIC_CROPPED_KNIT_SWEATER,66,32.51,1
2023-12-11,ASYMMETRIC_CROPPED_KNIT_SWEATER,45,32.63,1
2023-12-12,ASYMMETRIC_CROPPED_KNIT_SWEATER,46,31.84,1
2023-12-13,ASYMMETRIC_CROPPED_KNIT_SWEATER,48,35.2,1
2023-12-14,ASYMMETRIC_CROPPED_KNIT_SWEATER,46,31.79,1
2023-12-15,ASYMMETRIC_CROPPED_KNIT_SWEATER,100,32.83,1
2023-12-16,ASYMMETRIC_CROPPED_KNIT_SWEATER,70,32.12,1
2023-12-17,ASYMMETRIC_CROPPED_KNIT_SWEATER,112,32.09,1
2023-12-18,ASYMMETRIC_CROPPED_KNIT_SWEATER,69,35.51,1
2023-12-19,ASYMMETRIC_CROPPED_KNIT_SWEATER,81,33.8,1
2023-12-20,ASYMMETRIC_CROPPED_KNIT_SWEATER,137,32.08,1
2023-12-21,ASYMMETRIC_CROPPED_KNIT_SWEATER,78,35.62,1
2023-12-22,ASYMMETRIC_CROPPED_KNIT_SWEATER,108,32.97,1
2023-12-23,ASYMMETRIC_CROPPED_KNIT_SWEATER,170,30.93,1
2023-12-24,ASYMMETRIC_CROPPED_KNIT_SWEATER,87,33.79,1
2023-12-25,ASYMMETRIC_CROPPED_KNIT_SWEATER,34,34.86,1
2023-12-26,ASYMMETRIC_CROPPED_KNIT_SWEATER,44,35.79,1
2023-12-27,ASYMMETRIC_CROPPED_KNIT_SWEATER,44,34.17,1
2023-12-28,ASYMMETRIC_CROPPED_KNIT_SWEATER,36,33.33,1
2023-12-29,ASYMMETRIC_CROPPED_KNIT_SWEATER,59,35.72,1
2023-12-30,ASYMMETRIC_CROPPED_KNIT_SWEATER,69,33.96,1
2023-12-31,ASYMMETRIC_CROPPED_KNIT_SWEATER,53,32.71,1
2024-01-01,ASYMMETRIC_CROPPED_KNIT_SWEATER,87,32.06,1
2024-01-02,ASYMMETRIC_CROPPED_KNIT_SWEATER,53,34.89,1
2024-01-03,ASYMMETRIC_CROPPED_KNIT_SWEATER,85,35.72,1
2024-01-04,ASYMMETRIC_CROPPED_KNIT_SWEATER,96,33.1,1
2024-01-05,ASYMMETRIC_CROPPED_KNIT_SWEATER,99,33.26,1
2024-01-06,ASYMMETRIC_CROPPED_KNIT_SWEATER,82,33.31,1
2024-01-07,ASYMMETRIC_CROPPED_KNIT_SWEATER,99,35.85,1
2024-01-08,ASYMMETRIC_CROPPED_KNIT_SWEATER,45,32.91,1
2024-01-09,ASYMMETRIC_CROPPED_KNIT_SWEATER,54,34.02,1
2024-01-10,ASYMMETRIC_CROPPED_KNIT_SWEATER,48,31.14,1
2024-01-11,ASYMMETRIC_CROPPED_KNIT_SWEATER,38,32.99,1
2024-01-12,ASYMMETRIC_CROPPED_KNIT_SWEATER,45,30.21,1
2024-01-13,ASYMMETRIC_CROPPED_KNIT_SWEATER,54,31.12,1
2024-01-14,ASYMMETRIC_CROPPED_KNIT_SWEATER,71,32.23,1
2024-01-15,ASYMMETRIC_CROPPED_KNIT_SWEATER,43,35.84,1
2024-01-16,ASYMMETRIC_CROPPED_KNIT_SWEATER,60,30.27,1
2024-01-17,ASYMMETRIC_CROPPED_KNIT_SWEATER,33,35.6,1
2024-01-18,ASYMMETRIC_CROPPED_KNIT_SWEATER,46,31.53,1
2024-01-19,ASYMMETRIC_CROPPED_KNIT_SWEATER,56,35.2,1
2024-01-20,ASYMMETRIC_CROPPED_KNIT_SWEATER,60,34.56,1
2024-01-21,ASYMMETRIC_CROPPED_KNIT_SWEATER,48,30.68,1
2024-01-22,ASYMMETRIC_CROPPED_KNIT_SWEATER,40,31.53,1
2024-01-23,ASYMMETRIC_CROPPED_KNIT_SWEATER,47,35.72,1
2024-01-24,ASYMMETRIC_CROPPED_KNIT_SWEATER,66,30.31,1
2024-01-25,ASYMMETRIC_CROPPED_KNIT_SWEATER,29,35.35,1
2024-01-26,ASYMMETRIC_CROPPED_KNIT_SWEATER,41,33.61,1
2024-01-27,ASYMMETRIC_CROPPED_KNIT_SWEATER,55,31.51,1
2024-01-28,ASYMMETRIC_CROPPED_KNIT_SWEATER,56,35.6,1
2024-01-29,ASYMMETRIC_CROPPED_KNIT_SWEATER,30,35.52,1
2024-01-30,ASYMMETRIC_CROPPED_KNIT_SWEATER,48,33.86,1
2024-01-31,ASYMMETRIC_CROPPED_KNIT_SWEATER,50,34.2,1
2024-02-01,ASYMMETRIC_CROPPED_KNIT_SWEATER,28,41.59,0
2024-02-02,ASYMMETRIC_CROPPED_KNIT_SWEATER,25,40.01,0
2024-02-03,ASYMMETRIC_CROPPED_KNIT_SWEATER,36,38.41,0
2024-02-04,ASYMMETRIC_CROPPED_KNIT_SWEATER,32,40.39,0
2024-02-05,ASYMMETRIC_CROPPED_KNIT_SWEATER,35,37.95,0
2024-02-06,ASYMMETRIC_CROPPED_KNIT_SWEATER,27,41.7,0
2024-02-07,ASYMMETRIC_CROPPED_KNIT_SWEATER,19,39.44,0
2024-02-08,ASYMMETRIC_CROPPED_KNIT_SWEATER,36,40.31,0
2024-02-09,ASYMMETRIC_CROPPED_KNIT_SWEATER,27,39.1,0
2024-02-10,ASYMMETRIC_CROPPED_KNIT_SWEATER,25,41.76,0
2024-02-11,ASYMMETRIC_CROPPED_KNIT_SWEATER,32,38.43,0
2024-02-12,ASYMMETRIC_CROPPED_KNIT_SWEATER,21,38.79,0
2024-02-13,ASYMMETRIC_CROPPED_KNIT_SWEATER,26,41.02,0
2024-02-14,ASYMMETRIC_CROPPED_KNIT_SWEATER,25,38.24,0
2024-02-15,ASYMMETRIC_CROPPED_KNIT_SWEATER,26,41.13,0
2024-02-16,ASYMMETRIC_CROPPED_KNIT_SWEATER,31,41.31,0
2024-02-17,ASYMMETRIC_CROPPED_KNIT_SWEATER,35,40.63,0
2024-02-18,ASYMMETRIC_CROPPED_KNIT_SWEATER,36,39.93,0
2024-02-19,ASYMMETRIC_CROPPED_KNIT_SWEATER,24,38.83,0
