data/pos_data.csv
date,sku,units_sold,price,promo_flag
2023-08-24,FAUX_LEATHER_BOMBER_JACKET_MAN,12,113.28,0
2023-08-25,FAUX_LEATHER_BOMBER_JACKET_MAN,15,105.57,0
2023-08-26,FAUX_LEATHER_BOMBER_JACKET_MAN,13,112.21,0
2023-08-27,FAUX_LEATHER_BOMBER_JACKET_MAN,13,103.93,0
2023-08-28,FAUX_LEATHER_BOMBER_JACKET_MAN,9,104.24,0
2023-08-29,FAUX_LEATHER_BOMBER_JACKET_MAN,13,112.61,0
2023-08-30,FAUX_LEATHER_BOMBER_JACKET_MAN,8,104.57,0
2023-08-31,FAUX_LEATHER_BOMBER_JACKET_MAN,11,113.46,0
2023-09-01,FAUX_LEATHER_BOMBER_JACKET_MAN,15,113.13,0
2023-09-02,FAUX_LEATHER_BOMBER_JACKET_MAN,15,109.78,0
2023-09-03,FAUX_LEATHER_BOMBER_JACKET_MAN,6,107.0,0
2023-09-04,FAUX_LEATHER_BOMBER_JACKET_MAN,11,108.29,0
2023-09-05,FAUX_LEATHER_BOMBER_JACKET_MAN,12,113.28,0
2023-09-06,FAUX_LEATHER_BOMBER_JACKET_MAN,14,108.38,0
2023-09-07,FAUX_LEATHER_BOMBER_JACKET_MAN,15,110.0,0
2023-09-08,FAUX_LEATHER_BOMBER_JACKET_MAN,16,111.21,0
2023-09-09,FAUX_LEATHER_BOMBER_JACKET_MAN,15,104.69,0
2023-09-10,FAUX_LEATHER_BOMBER_JACKET_MAN,10,107.74,0
2023-09-11,FAUX_LEATHER_BOMBER_JACKET_MAN,14,113.91,0
2023-09-12,FAUX_LEATHER_BOMBER_JACKET_MAN,11,110.1,0
2023-09-13,FAUX_LEATHER_BOMBER_JACKET_MAN,12,110.46,0
2023-09-14,FAUX_LEATHER_BOMBER_JACKET_MAN,16,104.32,0
2023-09-15,FAUX_LEATHER_BOMBER_JACKET_MAN,12,108.7,0
2023-09-16,FAUX_LEATHER_BOMBER_JACKET_MAN,12,104.05,0
2023-09-17,FAUX_LEATHER_BOMBER_JACKET_MAN,15,114.14,0
2023-09-18,FAUX_LEATHER_BOMBER_JACKET_MAN,9,107.16,0
2023-09-19,FAUX_LEATHER_BOMBER_JACKET_MAN,9,110.21,0
2023-09-20,FAUX_LEATHER_BOMBER_JACKET_MAN,13,106.61,0
2023-09-21,FAUX_LEATHER_BOMBER_JACKET_MAN,13,103.61,0
2023-09-22,FAUX_LEATHER_BOMBER_JACKET_MAN,11,103.63,0
2023-09-23,FAUX_LEATHER_BOMBER_JACKET_MAN,16,112.3,0
2023-09-24,FAUX_LEATHER_BOMBER_JACKET_MAN,15,109.79,0
2023-09-25,FAUX_LEATHER_BOMBER_JACKET_MAN,7,113.71,0
2023-09-26,FAUX_LEATHER_BOMBER_JACKET_MAN,14,107.88,0
2023-09-27,FAUX_LEATHER_BOMBER_JACKET_MAN,14,104.79,0
2023-09-28,FAUX_LEATHER_BOMBER_JACKET_MAN,12,107.31,0
2023-09-29,FAUX_LEATHER_BOMBER_JACKET_MAN,20,108.93,0
2023-09-30,FAUX_LEATHER_BOMBER_JACKET_MAN,18,111.2,0
2023-10-01,FAUX_LEATHER_BOMBER_JACKET_MAN,16,108.15,0
2023-10-02,FAUX_LEATHER_BOMBER_JACKET_MAN,9,108.03,0
2023-10-03,FAUX_LEATHER_BOMBER_JACKET_MAN,15,110.18,0
2023-10-04,FAUX_LEATHER_BOMBER_JACKET_MAN,16,106.92,0
2023-10-05,FAUX_LEATHER_BOMBER_JACKET_MAN,13,106.36,0
2023-10-06,FAUX_LEATHER_BOMBER_JACKET_MAN,18,104.2,0
2023-10-07,FAUX_LEATHER_BOMBER_JACKET_MAN,26,104.8,0
2023-10-08,FAUX_LEATHER_BOMBER_JACKET_MAN,23,107.73,0
2023-10-09,FAUX_LEATHER_BOMBER_JACKET_MAN,7,104.87,0
2023-10-10,FAUX_LEATHER_BOMBER_JACKET_MAN,13,108.12,0
2023-10-11,FAUX_LEATHER_BOMBER_JACKET_MAN,15,104.42,0
2023-10-12,FAUX_LEATHER_BOMBER_JACKET_MAN,16,107.42,0
2023-10-13,FAUX_LEATHER_BOMBER_JACKET_MAN,19,110.95,0
2023-10-14,FAUX_LEATHER_BOMBER_JACKET_MAN,23,107.49,0
2023-10-15,FAUX_LEATHER_BOMBER_JACKET_MAN,21,110.48,0
2023-10-16,FAUX_LEATHER_BOMBER_JACKET_MAN,14,113.5,0
2023-10-17,FAUX_LEATHER_BOMBER_JACKET_MAN,20,111.44,0
2023-10-18,FAUX_LEATHER_BOMBER_JACKET_MAN,18,104.86,0
2023-10-19,FAUX_LEATHER_BOMBER_JACKET_MAN,13,103.68,0
2023-10-20,FAUX_LEATHER_BOMBER_JACKET_MAN,20,108.15,0
2023-10-21,FAUX_LEATHER_BOMBER_JACKET_MAN,22,109.84,0
2023-10-22,FAUX_LEATHER_BOMBER_JACKET_MAN,14,104.03,0
2023-10-23,FAUX_LEATHER_BOMBER_JACKET_MAN,15,107.29,0
2023-10-24,FAUX_LEATHER_BOMBER_JACKET_MAN,14,111.5,0
2023-10-25,FAUX_LEATHER_BOMBER_JACKET_MAN,21,111.1,0
2023-10-26,FAUX_LEATHER_BOMBER_JACKET_MAN,19,108.24,0
2023-10-27,FAUX_LEATHER_BOMBER_JACKET_MAN,16,106.89,0
2023-10-28,FAUX_LEATHER_BOMBER_JACKET_MAN,28,112.15,0
2023-10-29,FAUX_LEATHER_BOMBER_JACKET_MAN,30,112.51,0
2023-10-30,FAUX_LEATHER_BOMBER_JACKET_MAN,15,112.9,0
2023-10-31,FAUX_LEATHER_BOMBER_JACKET_MAN,18,107.03,0
2023-11-01,FAUX_LEATHER_BOMBER_JACKET_MAN,35,87.82,1
2023-11-02,FAUX_LEATHER_BOMBER_JACKET_MAN,37,87.87,1
2023-11-03,FAUX_LEATHER_BOMBER_JACKET_MAN,39,88.79,1
2023-11-04,FAUX_LEATHER_BOMBER_JACKET_MAN,34,84.28,1
2023-11-05,FAUX_LEATHER_BOMBER_JACKET_MAN,40,92.31,1
2023-11-06,FAUX_LEATHER_BOMBER_JACKET_MAN,24,88.45,1
2023-11-07,FAUX_LEATHER_BOMBER_JACKET_MAN,28,92.82,1
2023-11-08,FAUX_LEATHER_BOMBER_JACKET_MAN,24,97.9,1
2023-11-09,FAUX_LEATHER_BOMBER_JACKET_MAN,27,93.0,1
2023-11-10,FAUX_LEATHER_BOMBER_JACKET_MAN,30,90.01,1
2023-11-11,FAUX_LEATHER_BOMBER_JACKET_MAN,46,88.03,1
2023-11-12,FAUX_LEATHER_BOMBER_JACKET_MAN,36,84.37,1
2023-11-13,FAUX_LEATHER_BOMBER_JACKET_MAN,22,94.11,1
2023-11-14,FAUX_LEATHER_BOMBER_JACKET_MAN,36,83.65,1
2023-11-15,FAUX_LEATHER_BOMBER_JACKET_MAN,34,86.88,1
2023-11-16,FAUX_LEATHER_BOMBER_JACKET_MAN,44,97.84,1
2023-11-17,FAUX_LEATHER_BOMBER_JACKET_MAN,39,97.46,1
2023-11-18,FAUX_LEATHER_BOMBER_JACKET_MAN,29,90.6,1
2023-11-19,FAUX_LEATHER_BOMBER_JACKET_MAN,31,90.8,1
2023-11-20,FAUX_LEATHER_BOMBER_JACKET_MAN,32,88.95,1
2023-11-21,FAUX_LEATHER_BOMBER_JACKET_MAN,35,85.99,1
2023-11-22,FAUX_LEATHER_BOMBER_JACKET_MAN,48,97.55,1
2023-11-23,FAUX_LEATHER_BOMBER_JACKET_MAN,67,91.24,1
2023-11-24,FAUX_LEATHER_BOMBER_JACKET_MAN,84,88.32,1
2023-11-25,FAUX_LEATHER_BOMBER_JACKET_MAN,212,91.94,1
2023-11-26,FAUX_LEATHER_BOMBER_JACKET_MAN,109,82.4,1
2023-11-27,FAUX_LEATHER_BOMBER_JACKET_MAN,56,85.47,1
2023-11-28,FAUX_LEATHER_BOMBER_JACKET_MAN,119,95.97,1
2023-11-29,FAUX_LEATHER_BOMBER_JACKET_MAN,43,94.67,1
2023-11-30,FAUX_LEATHER_BOMBER_JACKET_MAN,28,96.09,1
2023-12-01,FAUX_LEATHER_BOMBER_JACKET_MAN,53,84.18,1
2023-12-02,FAUX_LEATHER_BOMBER_JACKET_MAN,46,95.87,1
2023-12-03,FAUX_LEATHER_BOMBER_JACKET_MAN,51,87.89,1
2023-12-04,FAUX_LEATHER_BOMBER_JACKET_MAN,33,88.07,1
2023-12-05,FAUX_LEATHER_BOMBER_JACKET_MAN,31,89.8,1
2023-12-06,FAUX_LEATHER_BOMBER_JACKET_MAN,46,94.25,1
2023-12-07,FAUX_LEATHER_BOMBER_JACKET_MAN,34,97.38,1
2023-12-08,FAUX_LEATHER_BOMBER_JACKET_MAN,48,96.35,1
2023-12-09,FAUX_LEATHER_BOMBER_JACKET_MAN,41,96.19,1
2023-12-10,FAUX_LEATHER_BOMBER_JACKET_MAN,69,96.9,1
2023-12-11,FAUX_LEATHER_BOMBER_JACKET_MAN,29,89.55,1
2023-12-12,FAUX_LEATHER_BOMBER_JACKET_MAN,46,83.95,1
2023-12-13,FAUX_LEATHER_BOMBER_JACKET_MAN,43,87.61,1
2023-12-14,FAUX_LEATHER_BOMBER_JACKET_MAN,33,97.4,1
2023-12-15,FAUX_LEATHER_BOMBER_JACKET_MAN,81,92.82,1
2023-12-16,FAUX_LEATHER_BOMBER_JACKET_MAN,104,84.09,1
2023-12-17,FAUX_LEATHER_BOMBER_JACKET_MAN,134,92.52,1
2023-12-18,FAUX_LEATHER_BOMBER_JACKET_MAN,68,89.72,1
2023-12-19,FAUX_LEATHER_BOMBER_JACKET_MAN,67,88.41,1
2023-12-20,FAUX_LEATHER_BOMBER_JACKET_MAN,64,97.24,1
2023-12-21,FAUX_LEATHER_BOMBER_JACKET_MAN,81,90.29,1
2023-12-22,FAUX_LEATHER_BOMBER_JACKET_MAN,84,93.31,1
2023-12-23,FAUX_LEATHER_BOMBER_JACKET_MAN,69,88.34,1
2023-12-24,FAUX_LEATHER_BOMBER_JACKET_MAN,96,96.94,1
2023-12-25,FAUX_LEATHER_BOMBER_JACKET_MAN,28,96.56,1
2023-12-26,FAUX_LEATHER_BOMBER_JACKET_MAN,25,92.22,1
2023-12-27,FAUX_LEATHER_BOMBER_JACKET_MAN,42,91.62,1
2023-12-28,FAUX_LEATHER_BOMBER_JACKET_MAN,31,96.28,1
2023-12-29,FAUX_LEATHER_BOMBER_JACKET_MAN,47,89.1,1
2023-12-30,FAUX_LEATHER_BOMBER_JACKET_MAN,45,92.91,1
2023-12-31,FAUX_LEATHER_BOMBER_JACKET_MAN,49,93.42,1
2024-01-01,FAUX_LEATHER_BOMBER_JACKET_MAN,80,84.09,1
2024-01-02,FAUX_LEATHER_BOMBER_JACKET_MAN,96,89.87,1
2024-01-03,FAUX_LEATHER_BOMBER_JACKET_MAN,46,93.99,1
2024-01-04,FAUX_LEATHER_BOMBER_JACKET_MAN,50,90.11,1
2024-01-05,FAUX_LEATHER_BOMBER_JACKET_MAN,55,95.47,1
2024-01-06,FAUX_LEATHER_BOMBER_JACKET_MAN,67,93.86,1
2024-01-07,FAUX_LEATHER_BOMBER_JACKET_MAN,48,95.53,1
2024-01-08,FAUX_LEATHER_BOMBER_JACKET_MAN,26,94.65,1
2024-01-09,FAUX_LEATHER_BOMBER_JACKET_MAN,50,87.92,1
2024-01-10,FAUX_LEATHER_BOMBER_JACKET_MAN,42,83.21,1
2024-01-11,FAUX_LEATHER_BOMBER_JACKET_MAN,21,92.09,1
2024-01-12,FAUX_LEATHER_BOMBER_JACKET_MAN,46,81.82,1
2024-01-13,FAUX_LEATHER_BOMBER_JACKET_MAN,56,97.54,1
2024-01-14,FAUX_LEATHER_BOMBER_JACKET_MAN,67,97.3,1
2024-01-15,FAUX_LEATHER_BOMBER_JACKET_MAN,31,94.53,1
2024-01-16,FAUX_LEATHER_BOMBER_JACKET_MAN,38,82.54,1
2024-01-17,FAUX_LEATHER_BOMBER_JACKET_MAN,38,88.83,1
2024-01-18,FAUX_LEATHER_BOMBER_JACKET_MAN,43,85.17,1
2024-01-19,FAUX_LEATHER_BOMBER_JACKET_MAN,39,94.3,1
2024-01-20,FAUX_LEATHER_BOMBER_JACKET_MAN,48,95.19,1
2024-01-21,FAUX_LEATHER_BOMBER_JACKET_MAN,62,89.47,1
2024-01-22,FAUX_LEATHER_BOMBER_JACKET_MAN,28,85.28,1
2024-01-23,FAUX_LEATHER_BOMBER_JACKET_MAN,28,83.98,1
2024-01-24,FAUX_LEATHER_BOMBER_JACKET_MAN,47,93.83,1
2024-01-25,FAUX_LEATHER_BOMBER_JACKET_MAN,28,93.41,1
2024-01-26,FAUX_LEATHER_BOMBER_JACKET_MAN,55,96.31,1
2024-01-27,FAUX_LEATHER_BOMBER_JACKET_MAN,43,83.57,1
2024-01-28,FAUX_LEATHER_BOMBER_JACKET_MAN,49,86.13,1
2024-01-29,FAUX_LEATHER_BOMBER_JACKET_MAN,34,89.81,1
2024-01-30,FAUX_LEATHER_BOMBER_JACKET_MAN,30,90.43,1
2024-01-31,FAUX_LEATHER_BOMBER_JACKET_MAN,39,97.5,1
2024-02-01,FAUX_LEATHER_BOMBER_JACKET_MAN,23,109.21,0
2024-02-02,FAUX_LEATHER_BOMBER_JACKET_MAN,21,111.99,0
2024-02-03,FAUX_LEATHER_BOMBER_JACKET_MAN,38,111.97,0
2024-02-04,FAUX_LEATHER_BOMBER_JACKET_MAN,34,104.92,0
2024-02-05,FAUX_LEATHER_BOMBER_JACKET_MAN,20,103.73,0
2024-02-06,FAUX_LEATHER_BOMBER_JACKET_MAN,27,104.86,0
2024-02-07,FAUX_LEATHER_BOMBER_JACKET_MAN,27,106.44,0
2024-02-08,FAUX_LEATHER_BOMBER_JACKET_MAN,24,107.34,0
2024-02-09,FAUX_LEATHER_BOMBER_JACKET_MAN,36,107.6,0
2024-02-10,FAUX_LEATHER_BOMBER_JACKET_MAN,32,112.78,0
2024-02-11,FAUX_LEATHER_BOMBER_JACKET_MAN,31,103.81,0
2024-02-12,FAUX_LEATHER_BOMBER_JACKET_MAN,21,112.06,0
2024-02-13,FAUX_LEATHER_BOMBER_JACKET_MAN,25,108.54,0
2024-02-14,FAUX_LEATHER_BOMBER_JACKET_MAN,16,104.27,0
2024-02-15,FAUX_LEATHER_BOMBER_JACKET_MAN,19,106.04,0
2024-02-16,FAUX_LEATHER_BOMBER_JACKET_MAN,26,111.7,0
2024-02-17,FAUX_LEATHER_BOMBER_JACKET_MAN,20,108.71,0
2024-02-18,FAUX_LEATHER_BOMBER_JACKET_MAN,30,114.04,0
2024-02-19,FAUX_LEATHER_BOMBER_JACKET_MAN,20,104.37,0
