data/pos_data.csv
date,sku,units_sold,price,promo_flag
2023-08-24,FAUX_LEATHER_PUFFER_JACKET_MAN,8,41.61,0
2023-08-25,FAUX_LEATHER_PUFFER_JACKET_MAN,6,40.46,0
2023-08-26,FAUX_LEATHER_PUFFER_JACKET_MAN,13,38.17,0
2023-08-27,FAUX_LEATHER_PUFFER_JACKET_MAN,8,41.79,0
2023-08-28,FAUX_LEATHER_PUFFER_JACKET_MAN,8,39.32,0
2023-08-29,FAUX_LEATHER_PUFFER_JACKET_MAN,6,40.63,0
2023-08-30,FAUX_LEATHER_PUFFER_JACKET_MAN,13,38.97,0
2023-08-31,FAUX_LEATHER_PUFFER_JACKET_MAN,12,39.16,0
2023-09-01,FAUX_LEATHER_PUFFER_JACKET_MAN,13,38.06,0
2023-09-02,FAUX_LEATHER_PUFFER_JACKET_MAN,11,40.29,0
2023-09-03,FAUX_LEATHER_PUFFER_JACKET_MAN,9,38.21,0
2023-09-04,FAUX_LEATHER_PUFFER_JACKET_MAN,5,40.58,0
2023-09-05,FAUX_LEATHER_PUFFER_JACKET_MAN,10,39.59,0
2023-09-06,FAUX_LEATHER_PUFFER_JACKET_MAN,12,41.25,0
2023-09-07,FAUX_LEATHER_PUFFER_JACKET_MAN,10,40.1,0
2023-09-08,FAUX_LEATHER_PUFFER_JACKET_MAN,14,38.67,0
2023-09-09,FAUX_LEATHER_PUFFER_JACKET_MAN,16,38.1,0
2023-09-10,FAUX_LEATHER_PUFFER_JACKET_MAN,17,41.27,0
2023-09-11,FAUX_LEATHER_PUFFER_JACKET_MAN,6,40.09,0
2023-09-12,FAUX_LEATHER_PUFFER_JACKET_MAN,10,38.27,0
2023-09-13,FAUX_LEATHER_PUFFER_JACKET_MAN,13,38.65,0
2023-09-14,FAUX_LEATHER_PUFFER_JACKET_MAN,15,38.66,0
2023-09-15,FAUX_LEATHER_PUFFER_JACKET_MAN,17,37.97,0
2023-09-16,FAUX_LEATHER_PUFFER_JACKET_MAN,17,38.1,0
2023-09-17,FAUX_LEATHER_PUFFER_JACKET_MAN,20,39.21,0
2023-09-18,FAUX_LEATHER_PUFFER_JACKET_MAN,11,39.3,0
2023-09-19,FAUX_LEATHER_PUFFER_JACKET_MAN,9,38.01,0
2023-09-20,FAUX_LEATHER_PUFFER_JACKET_MAN,14,40.84,0
2023-09-21,FAUX_LEATHER_PUFFER_JACKET_MAN,16,40.86,0
2023-09-22,FAUX_LEATHER_PUFFER_JACKET_MAN,20,40.6,0
2023-09-23,FAUX_LEATHER_PUFFER_JACKET_MAN,15,38.41,0
2023-09-24,FAUX_LEATHER_PUFFER_JACKET_MAN,13,38.42,0
2023-09-25,FAUX_LEATHER_PUFFER_JACKET_MAN,13,41.75,0
2023-09-26,FAUX_LEATHER_PUFFER_JACKET_MAN,14,40.41,0
2023-09-27,FAUX_LEATHER_PUFFER_JACKET_MAN,14,40.37,0
2023-09-28,FAUX_LEATHER_PUFFER_JACKET_MAN,17,41.02,0
2023-09-29,FAUX_LEATHER_PUFFER_JACKET_MAN,18,38.13,0
2023-09-30,FAUX_LEATHER_PUFFER_JACKET_MAN,20,40.89,0
2023-10-01,FAUX_LEATHER_PUFFER_JACKET_MAN,21,40.46,0
2023-10-02,FAUX_LEATHER_PUFFER_JACKET_MAN,17,39.16,0
2023-10-03,FAUX_LEATHER_PUFFER_JACKET_MAN,14,40.75,0
2023-10-04,FAUX_LEATHER_PUFFER_JACKET_MAN,19,38.61,0
2023-10-05,FAUX_LEATHER_PUFFER_JACKET_MAN,18,41.56,0
2023-10-06,FAUX_LEATHER_PUFFER_JACKET_MAN,14,38.75,0
2023-10-07,FAUX_LEATHER_PUFFER_JACKET_MAN,26,39.9,0
2023-10-08,FAUX_LEATHER_PUFFER_JACKET_MAN,21,41.54,0
2023-10-09,FAUX_LEATHER_PUFFER_JACKET_MAN,17,38.83,0
2023-10-10,FAUX_LEATHER_PUFFER_JACKET_MAN,15,38.53,0
2023-10-11,FAUX_LEATHER_PUFFER_JACKET_MAN,22,40.92,0
2023-10-12,FAUX_LEATHER_PUFFER_JACKET_MAN,26,39.14,0
2023-10-13,FAUX_LEATHER_PUFFER_JACKET_MAN,13,41.83,0
2023-10-14,FAUX_LEATHER_PUFFER_JACKET_MAN,19,39.07,0
2023-10-15,FAUX_LEATHER_PUFFER_JACKET_MAN,21,40.16,0
2023-10-16,FAUX_LEATHER_PUFFER_JACKET_MAN,12,38.91,0
2023-10-17,FAUX_LEATHER_PUFFER_JACKET_MAN,19,41.48,0
2023-10-18,FAUX_LEATHER_PUFFER_JACKET_MAN,22,38.32,0
2023-10-19,FAUX_LEATHER_PUFFER_JACKET_MAN,23,38.58,0
2023-10-20,FAUX_LEATHER_PUFFER_JACKET_MAN,25,41.77,0
2023-10-21,FAUX_LEATHER_PUFFER_JACKET_MAN,31,40.61,0
2023-10-22,FAUX_LEATHER_PUFFER_JACKET_MAN,27,39.11,0
2023-10-23,FAUX_LEATHER_PUFFER_JACKET_MAN,16,38.28,0
2023-10-24,FAUX_LEATHER_PUFFER_JACKET_MAN,17,38.48,0
2023-10-25,FAUX_LEATHER_PUFFER_JACKET_MAN,21,41.08,0
2023-10-26,FAUX_LEATHER_PUFFER_JACKET_MAN,18,38.47,0
2023-10-27,FAUX_LEATHER_PUFFER_JACKET_MAN,27,38.69,0
2023-10-28,FAUX_LEATHER_PUFFER_JACKET_MAN,23,38.29,0
2023-10-29,FAUX_LEATHER_PUFFER_JACKET_MAN,26,40.52,0
2023-10-30,FAUX_LEATHER_PUFFER_JACKET_MAN,23,40.05,0
2023-10-31,FAUX_LEATHER_PUFFER_JACKET_MAN,28,40.41,0
2023-11-01,FAUX_LEATHER_PUFFER_JACKET_MAN,28,38.97,0
2023-11-02,FAUX_LEATHER_PUFFER_JACKET_MAN,23,41.46,0
2023-11-03,FAUX_LEATHER_PUFFER_JACKET_MAN,24,40.18,0
2023-11-04,FAUX_LEATHER_PUFFER_JACKET_MAN,33,40.6,0
2023-11-05,FAUX_LEATHER_PUFFER_JACKET_MAN,25,41.82,0
2023-11-06,FAUX_LEATHER_PUFFER_JACKET_MAN,23,38.33,0
2023-11-07,FAUX_LEATHER_PUFFER_JACKET_MAN,21,41.02,0
2023-11-08,FAUX_LEATHER_PUFFER_JACKET_MAN,23,40.42,0
2023-11-09,FAUX_LEATHER_PUFFER_JACKET_MAN,28,39.62,0
2023-11-10,FAUX_LEATHER_PUFFER_JACKET_MAN,18,40.95,0
2023-11-11,FAUX_LEATHER_PUFFER_JACKET_MAN,28,41.64,0
2023-11-12,FAUX_LEATHER_PUFFER_JACKET_MAN,34,38.91,0
2023-11-13,FAUX_LEATHER_PUFFER_JACKET_MAN,23,38.17,0
2023-11-14,FAUX_LEATHER_PUFFER_JACKET_MAN,27,40.43,0
2023-11-15,FAUX_LEATHER_PUFFER_JACKET_MAN,24,40.78,0
2023-11-16,FAUX_LEATHER_PUFFER_JACKET_MAN,29,38.02,0
2023-11-17,FAUX_LEATHER_PUFFER_JACKET_MAN,23,39.4,0
2023-11-18,FAUX_LEATHER_PUFFER_JACKET_MAN,26,41.19,0
2023-11-19,FAUX_LEATHER_PUFFER_JACKET_MAN,35,38.84,0
2023-11-20,FAUX_LEATHER_PUFFER_JACKET_MAN,17,40.28,0
2023-11-21,FAUX_LEATHER_PUFFER_JACKET_MAN,35,38.33,0
2023-11-22,FAUX_LEATHER_PUFFER_JACKET_MAN,50,34.83,1
2023-11-23,FAUX_LEATHER_PUFFER_JACKET_MAN,85,31.19,1
2023-11-24,FAUX_LEATHER_PUFFER_JACKET_MAN,71,35.41,1
2023-11-25,FAUX_LEATHER_PUFFER_JACKET_MAN,87,34.68,1
2023-11-26,FAUX_LEATHER_PUFFER_JACKET_MAN,66,30.52,1
2023-11-27,FAUX_LEATHER_PUFFER_JACKET_MAN,43,34.81,1
2023-11-28,FAUX_LEATHER_PUFFER_JACKET_MAN,60,35.8,1
2023-11-29,FAUX_LEATHER_PUFFER_JACKET_MAN,23,40.42,0
2023-11-30,FAUX_LEATHER_PUFFER_JACKET_MAN,21,41.84,0
2023-12-01,FAUX_LEATHER_PUFFER_JACKET_MAN,29,41.18,0
2023-12-02,FAUX_LEATHER_PUFFER_JACKET_MAN,33,38.13,0
2023-12-03,FAUX_LEATHER_PUFFER_JACKET_MAN,34,38.39,0
2023-12-04,FAUX_LEATHER_PUFFER_JACKET_MAN,27,39.89,0
2023-12-05,FAUX_LEATHER_PUFFER_JACKET_MAN,28,41.27,0
2023-12-06,FAUX_LEATHER_PUFFER_JACKET_MAN,37,40.83,0
2023-12-07,FAUX_LEATHER_PUFFER_JACKET_MAN,25,38.6,0
2023-12-08,FAUX_LEATHER_PUFFER_JACKET_MAN,41,38.19,0
2023-12-09,FAUX_LEATHER_PUFFER_JACKET_MAN,26,39.35,0
2023-12-10,FAUX_LEATHER_PUFFER_JACKET_MAN,37,39.8,0
2023-12-11,FAUX_LEATHER_PUFFER_JACKET_MAN,24,41.16,0
2023-12-12,FAUX_LEATHER_PUFFER_JACKET_MAN,36,40.28,0
2023-12-13,FAUX_LEATHER_PUFFER_JACKET_MAN,27,41.44,0
2023-12-14,FAUX_LEATHER_PUFFER_JACKET_MAN,38,40.42,0
2023-12-15,FAUX_LEATHER_PUFFER_JACKET_MAN,44,38.48,0
2023-12-16,FAUX_LEATHER_PUFFER_JACKET_MAN,51,40.84,0
2023-12-17,FAUX_LEATHER_PUFFER_JACKET_MAN,59,39.92,0
2023-12-18,FAUX_LEATHER_PUFFER_JACKET_MAN,38,40.95,0
2023-12-19,FAUX_LEATHER_PUFFER_JACKET_MAN,57,37.94,0
2023-12-20,FAUX_LEATHER_PUFFER_JACKET_MAN,34,39.97,0
2023-12-21,FAUX_LEATHER_PUFFER_JACKET_MAN,64,39.59,0
2023-12-22,FAUX_LEATHER_PUFFER_JACKET_MAN,99,38.83,0
2023-12-23,FAUX_LEATHER_PUFFER_JACKET_MAN,80,40.25,0
2023-12-24,FAUX_LEATHER_PUFFER_JACKET_MAN,73,41.22,0
2023-12-25,FAUX_LEATHER_PUFFER_JACKET_MAN,18,39.56,0
2023-12-26,FAUX_LEATHER_PUFFER_JACKET_MAN,33,40.58,0
2023-12-27,FAUX_LEATHER_PUFFER_JACKET_MAN,27,39.69,0
2023-12-28,FAUX_LEATHER_PUFFER_JACKET_MAN,21,40.41,0
2023-12-29,FAUX_LEATHER_PUFFER_JACKET_MAN,33,39.34,0
2023-12-30,FAUX_LEATHER_PUFFER_JACKET_MAN,38,39.84,0
2023-12-31,FAUX_LEATHER_PUFFER_JACKET_MAN,40,40.16,0
2024-01-01,FAUX_LEATHER_PUFFER_JACKET_MAN,47,34.23,1
2024-01-02,FAUX_LEATHER_PUFFER_JACKET_MAN,65,32.87,1
2024-01-03,FAUX_LEATHER_PUFFER_JACKET_MAN,29,35.4,1
2024-01-04,FAUX_LEATHER_PUFFER_JACKET_MAN,44,35.62,1
2024-01-05,FAUX_LEATHER_PUFFER_JACKET_MAN,65,30.7,1
2024-01-06,FAUX_LEATHER_PUFFER_JACKET_MAN,87,30.52,1
2024-01-07,FAUX_LEATHER_PUFFER_JACKET_MAN,87,31.24,1
2024-01-08,FAUX_LEATHER_PUFFER_JACKET_MAN,24,38.56,0
2024-01-09,FAUX_LEATHER_PUFFER_JACKET_MAN,34,40.74,0
2024-01-10,FAUX_LEATHER_PUFFER_JACKET_MAN,29,39.58,0
2024-01-11,FAUX_LEATHER_PUFFER_JACKET_MAN,25,41.83,0
2024-01-12,FAUX_LEATHER_PUFFER_JACKET_MAN,35,40.56,0
2024-01-13,FAUX_LEATHER_PUFFER_JACKET_MAN,44,38.34,0
2024-01-14,FAUX_LEATHER_PUFFER_JACKET_MAN,26,41.76,0
2024-01-15,FAUX_LEATHER_PUFFER_JACKET_MAN,28,38.88,0
2024-01-16,FAUX_LEATHER_PUFFER_JACKET_MAN,24,40.77,0
2024-01-17,FAUX_LEATHER_PUFFER_JACKET_MAN,34,40.36,0
2024-01-18,FAUX_LEATHER_PUFFER_JACKET_MAN,36,41.47,0
2024-01-19,FAUX_LEATHER_PUFFER_JACKET_MAN,33,38.9,0
2024-01-20,FAUX_LEATHER_PUFFER_JACKET_MAN,34,41.85,0
2024-01-21,FAUX_LEATHER_PUFFER_JACKET_MAN,50,40.64,0
2024-01-22,FAUX_LEATHER_PUFFER_JACKET_MAN,22,38.75,0
2024-01-23,FAUX_LEATHER_PUFFER_JACKET_MAN,25,39.55,0
2024-01-24,FAUX_LEATHER_PUFFER_JACKET_MAN,24,38.84,0
2024-01-25,FAUX_LEATHER_PUFFER_JACKET_MAN,29,39.26,0
2024-01-26,FAUX_LEATHER_PUFFER_JACKET_MAN,36,37.93,0
2024-01-27,FAUX_LEATHER_PUFFER_JACKET_MAN,46,38.49,0
2024-01-28,FAUX_LEATHER_PUFFER_JACKET_MAN,43,38.54,0
2024-01-29,FAUX_LEATHER_PUFFER_JACKET_MAN,28,38.08,0
2024-01-30,FAUX_LEATHER_PUFFER_JACKET_MAN,37,40.39,0
2024-01-31,FAUX_LEATHER_PUFFER_JACKET_MAN,24,40.98,0
2024-02-01,FAUX_LEATHER_PUFFER_JACKET_MAN,21,41.14,0
2024-02-02,FAUX_LEATHER_PUFFER_JACKET_MAN,38,39.53,0
2024-02-03,FAUX_LEATHER_PUFFER_JACKET_MAN,37,40.98,0
2024-02-04,FAUX_LEATHER_PUFFER_JACKET_MAN,45,41.53,0
2024-02-05,FAUX_LEATHER_PUFFER_JACKET_MAN,25,38.25,0
2024-02-06,FAUX_LEATHER_PUFFER_JACKET_MAN,26,41.12,0
2024-02-07,FAUX_LEATHER_PUFFER_JACKET_MAN,33,41.3,0
2024-02-08,FAUX_LEATHER_PUFFER_JACKET_MAN,30,38.1,0
2024-02-09,FAUX_LEATHER_PUFFER_JACKET_MAN,33,38.5,0
2024-02-10,FAUX_LEATHER_PUFFER_JACKET_MAN,56,40.48,0
2024-02-11,FAUX_LEATHER_PUFFER_JACKET_MAN,46,37.97,0
2024-02-12,FAUX_LEATHER_PUFFER_JACKET_MAN,28,40.56,0
2024-02-13,FAUX_LEATHER_PUFFER_JACKET_MAN,29,41.19,0
2024-02-14,FAUX_LEATHER_PUFFER_JACKET_MAN,29,39.74,0
2024-02-15,FAUX_LEATHER_PUFFER_JACKET_MAN,27,39.9,0
2024-02-16,FAUX_LEATHER_PUFFER_JACKET_MAN,34,39.91,0
2024-02-17,FAUX_LEATHER_PUFFER_JACKET_MAN,33,40.96,0
2024-02-18,FAUX_LEATHER_PUFFER_JACKET_MAN,28,40.49,0
2024-02-19,FAUX_LEATHER_PUFFER_JACKET_MAN,24,38.59,0
