data/pos_data.csv
date,sku,units_sold,price,promo_flag
2023-08-24,LONGLINE_QUILTED_JACKET,9,171.74,0
2023-08-25,LONGLINE_QUILTED_JACKET,12,168.41,0
2023-08-26,LONGLINE_QUILTED_JACKET,11,163.74,0
2023-08-27,LONGLINE_QUILTED_JACKET,18,169.13,0
2023-08-28,LONGLINE_QUILTED_JACKET,11,172.98,0
2023-08-29,LONGLINE_QUILTED_JACKET,10,171.77,0
2023-08-30,LONGLINE_QUILTED_JACKET,11,169.01,0
2023-08-31,LONGLINE_QUILTED_JACKET,9,175.66,0
2023-09-01,LONGLINE_QUILTED_JACKET,13,163.05,0
2023-09-02,LONGLINE_QUILTED_JACKET,8,173.16,0
2023-09-03,LONGLINE_QUILTED_JACKET,18,176.04,0
2023-09-04,LONGLINE_QUILTED_JACKET,10,172.47,0
2023-09-05,LONGLINE_QUILTED_JACKET,9,160.57,0
2023-09-06,LONGLINE_QUILTED_JACKET,14,162.58,0
2023-09-07,LONGLINE_QUILTED_JACKET,15,167.6,0
2023-09-08,LONGLINE_QUILTED_JACKET,14,172.9,0
2023-09-09,LONGLINE_QUILTED_JACKET,12,163.8,0
2023-09-10,LONGLINE_QUILTED_JACKET,15,174.75,0
2023-09-11,LONGLINE_QUILTED_JACKET,11,162.54,0
2023-09-12,LONGLINE_QUILTED_JACKET,12,177.28,0
2023-09-13,LONGLINE_QUILTED_JACKET,9,170.36,0
2023-09-14,LONGLINE_QUILTED_JACKET,13,175.83,0
2023-09-15,LONGLINE_QUILTED_JACKET,17,163.73,0
2023-09-16,LONGLINE_QUILTED_JACKET,12,171.11,0
2023-09-17,LONGLINE_QUILTED_JACKET,12,165.84,0
2023-09-18,LONGLINE_QUILTED_JACKET,9,163.57,0
2023-09-19,LONGLINE_QUILTED_JACKET,12,164.7,0
2023-09-20,LONGLINE_QUILTED_JACKET,15,168.13,0
2023-09-21,LONGLINE_QUILTED_JACKET,15,176.96,0
2023-09-22,LONGLINE_QUILTED_JACKET,12,167.95,0
2023-09-23,LONGLINE_QUILTED_JACKET,17,163.21,0
2023-09-24,LONGLINE_QUILTED_JACKET,20,172.22,0
2023-09-25,LONGLINE_QUILTED_JACKET,16,175.59,0
2023-09-26,LONGLINE_QUILTED_JACKET,14,167.99,0
2023-09-27,LONGLINE_QUILTED_JACKET,14,168.81,0
2023-09-28,LONGLINE_QUILTED_JACKET,15,170.74,0
2023-09-29,LONGLINE_QUILTED_JACKET,15,166.07,0
2023-09-30,LONGLINE_QUILTED_JACKET,18,171.08,0
2023-10-01,LONGLINE_QUILTED_JACKET,14,167.96,0
2023-10-02,LONGLINE_QUILTED_JACKET,13,164.99,0
2023-10-03,LONGLINE_QUILTED_JACKET,19,169.25,0
2023-10-04,LONGLINE_QUILTED_JACKET,15,163.93,0
2023-10-05,LONGLINE_QUILTED_JACKET,21,161.77,0
2023-10-06,LONGLINE_QUILTED_JACKET,14,163.04,0
2023-10-07,LONGLINE_QUILTED_JACKET,28,172.66,0
2023-10-08,LONGLINE_QUILTED_JACKET,28,171.86,0
2023-10-09,LONGLINE_QUILTED_JACKET,23,161.2,0
2023-10-10,LONGLINE_QUILTED_JACKET,17,171.05,0
2023-10-11,LONGLINE_QUILTED_JACKET,19,166.59,0
2023-10-12,LONGLINE_QUILTED_JACKET,25,165.24,0
2023-10-13,LONGLINE_QUILTED_JACKET,28,175.27,0
2023-10-14,LONGLINE_QUILTED_JACKET,31,166.34,0
2023-10-15,LONGLINE_QUILTED_JACKET,27,175.47,0
2023-10-16,LONGLINE_QUILTED_JACKET,22,169.47,0
2023-10-17,LONGLINE_QUILTED_JACKET,31,173.21,0
2023-10-18,LONGLINE_QUILTED_JACKET,23,176.85,0
2023-10-19,LONGLINE_QUILTED_JACKET,21,170.94,0
2023-10-20,LONGLINE_QUILTED_JACKET,27,168.7,0
2023-10-21,LONGLINE_QUILTED_JACKET,28,173.18,0
2023-10-22,LONGLINE_QUILTED_JACKET,26,165.82,0
2023-10-23,LONGLINE_QUILTED_JACKET,21,161.77,0
2023-10-24,LONGLINE_QUILTED_JACKET,19,175.44,0
2023-10-25,LONGLINE_QUILTED_JACKET,24,176.37,0
2023-10-26,LONGLINE_QUILTED_JACKET,15,172.01,0
2023-10-27,LONGLINE_QUILTED_JACKET,33,166.36,0
2023-10-28,LONGLINE_QUILTED_JACKET,24,165.24,0
2023-10-29,LONGLINE_QUILTED_JACKET,21,161.38,0
2023-10-30,LONGLINE_QUILTED_JACKET,24,161.07,0
2023-10-31,LONGLINE_QUILTED_JACKET,29,169.63,0
2023-11-01,LONGLINE_QUILTED_JACKET,24,174.76,0
2023-11-02,LONGLINE_QUILTED_JACKET,22,164.56,0
2023-11-03,LONGLINE_QUILTED_JACKET,25,168.11,0
2023-11-04,LONGLINE_QUILTED_JACKET,31,169.91,0
2023-11-05,LONGLINE_QUILTED_JACKET,30,176.28,0
2023-11-06,LONGLINE_QUILTED_JACKET,19,176.33,0
2023-11-07,LONGLINE_QUILTED_JACKET,19,169.72,0
2023-11-08,LONGLINE_QUILTED_JACKET,18,160.56,0
2023-11-09,LONGLINE_QUILTED_JACKET,24,174.24,0
2023-11-10,LONGLINE_QUILTED_JACKET,29,176.01,0
2023-11-11,LONGLINE_QUILTED_JACKET,27,164.08,0
2023-11-12,LONGLINE_QUILTED_JACKET,28,170.75,0
2023-11-13,LONGLINE_QUILTED_JACKET,22,163.32,0
2023-11-14,LONGLINE_QUILTED_JACKET,20,168.38,0
2023-11-15,LONGLINE_QUILTED_JACKET,30,170.68,0
2023-11-16,LONGLINE_QUILTED_JACKET,28,165.66,0
2023-11-17,LONGLINE_QUILTED_JACKET,25,171.74,0
2023-11-18,LONGLINE_QUILTED_JACKET,36,162.72,0
2023-11-19,LONGLINE_QUILTED_JACKET,27,167.74,0
2023-11-20,LONGLINE_QUILTED_JACKET,25,164.98,0
2023-11-21,LONGLINE_QUILTED_JACKET,21,175.45,0
2023-11-22,LONGLINE_QUILTED_JACKET,81,128.97,1
2023-11-23,LONGLINE_QUILTED_JACKET,47,144.83,1
2023-11-24,LONGLINE_QUILTED_JACKET,57,136.33,1
2023-11-25,LONGLINE_QUILTED_JACKET,83,144.98,1
2023-11-26,LONGLINE_QUILTED_JACKET,68,134.97,1
2023-11-27,LONGLINE_QUILTED_JACKET,61,127.4,1
2023-11-28,LONGLINE_QUILTED_JACKET,62,139.89,1
2023-11-29,LONGLINE_QUILTED_JACKET,27,168.25,0
2023-11-30,LONGLINE_QUILTED_JACKET,15,176.17,0
2023-12-01,LONGLINE_QUILTED_JACKET,30,160.96,0
2023-12-02,LONGLINE_QUILTED_JACKET,44,164.26,0
2023-12-03,LONGLINE_QUILTED_JACKET,51,167.8,0
2023-12-04,LONGLINE_QUILTED_JACKET,29,160.56,0
2023-12-05,LONGLINE_QUILTED_JACKET,32,176.38,0
2023-12-06,LONGLINE_QUILTED_JACKET,25,165.0,0
2023-12-07,LONGLINE_QUILTED_JACKET,24,161.19,0
2023-12-08,LONGLINE_QUILTED_JACKET,27,162.36,0
2023-12-09,LONGLINE_QUILTED_JACKET,34,172.71,0
2023-12-10,LONGLINE_QUILTED_JACKET,33,160.9,0
2023-12-11,LONGLINE_QUILTED_JACKET,27,164.32,0
2023-12-12,LONGLINE_QUILTED_JACKET,20,169.27,0
2023-12-13,LONGLINE_QUILTED_JACKET,26,164.83,0
2023-12-14,LONGLINE_QUILTED_JACKET,17,166.99,0
2023-12-15,LONGLINE_QUILTED_JACKET,73,172.85,0
2023-12-16,LONGLINE_QUILTED_JACKET,82,162.16,0
2023-12-17,LONGLINE_QUILTED_JACKET,39,167.54,0
2023-12-18,LONGLINE_QUILTED_JACKET,60,172.24,0
2023-12-19,LONGLINE_QUILTED_JACKET,44,175.24,0
2023-12-20,LONGLINE_QUILTED_JACKET,51,168.4,0
2023-12-21,LONGLINE_QUILTED_JACKET,65,170.94,0
2023-12-22,LONGLINE_QUILTED_JACKET,61,160.78,0
2023-12-23,LONGLINE_QUILTED_JACKET,68,172.35,0
2023-12-24,LONGLINE_QUILTED_JACKET,86,167.67,0
2023-12-25,LONGLINE_QUILTED_JACKET,15,167.49,0
2023-12-26,LONGLINE_QUILTED_JACKET,26,163.87,0
2023-12-27,LONGLINE_QUILTED_JACKET,27,161.49,0
2023-12-28,LONGLINE_QUILTED_JACKET,21,177.0,0
2023-12-29,LONGLINE_QUILTED_JACKET,41,163.82,0
2023-12-30,LONGLINE_QUILTED_JACKET,28,160.69,0
2023-12-31,LONGLINE_QUILTED_JACKET,28,174.73,0
2024-01-01,LONGLINE_QUILTED_JACKET,48,143.32,1
2024-01-02,LONGLINE_QUILTED_JACKET,64,143.16,1
2024-01-03,LONGLINE_QUILTED_JACKET,39,140.68,1
2024-01-04,LONGLINE_QUILTED_JACKET,49,129.4,1
2024-01-05,LONGLINE_QUILTED_JACKET,58,134.78,1
2024-01-06,LONGLINE_QUILTED_JACKET,45,130.57,1
2024-01-07,LONGLINE_QUILTED_JACKET,60,139.19,1
2024-01-08,LONGLINE_QUILTED_JACKET,32,174.89,0
2024-01-09,LONGLINE_QUILTED_JACKET,29,164.91,0
2024-01-10,LONGLINE_QUILTED_JACKET,41,175.51,0
2024-01-11,LONGLINE_QUILTED_JACKET,21,165.1,0
2024-01-12,LONGLINE_QUILTED_JACKET,37,174.12,0
2024-01-13,LONGLINE_QUILTED_JACKET,41,167.22,0
2024-01-14,LONGLINE_QUILTED_JACKET,36,168.87,0
2024-01-15,LONGLINE_QUILTED_JACKET,24,169.63,0
2024-01-16,LONGLINE_QUILTED_JACKET,35,161.38,0
2024-01-17,LONGLINE_QUILTED_JACKET,25,162.47,0
2024-01-18,LONGLINE_QUILTED_JACKET,32,167.5,0
2024-01-19,LONGLINE_QUILTED_JACKET,43,163.57,0
2024-01-20,LONGLINE_QUILTED_JACKET,46,161.9,0
2024-01-21,LONGLINE_QUILTED_JACKET,34,174.44,0
2024-01-22,LONGLINE_QUILTED_JACKET,28,173.55,0
2024-01-23,LONGLINE_QUILTED_JACKET,20,164.99,0
2024-01-24,LONGLINE_QUILTED_JACKET,36,162.61,0
2024-01-25,LONGLINE_QUILTED_JACKET,45,166.62,0
2024-01-26,LONGLINE_QUILTED_JACKET,36,168.58,0
2024-01-27,LONGLINE_QUILTED_JACKET,49,175.78,0
2024-01-28,LONGLINE_QUILTED_JACKET,28,163.32,0
2024-01-29,LONGLINE_QUILTED_JACKET,20,171.11,0
2024-01-30,LONGLINE_QUILTED_JACKET,27,172.87,0
2024-01-31,LONGLINE_QUILTED_JACKET,28,176.61,0
2024-02-01,LONGLINE_QUILTED_JACKET,31,161.62,0
2024-02-02,LONGLINE_QUILTED_JACKET,30,175.65,0
2024-02-03,LONGLINE_QUILTED_JACKET,39,169.5,0
2024-02-04,LONGLINE_QUILTED_JACKET,45,163.09,0
2024-02-05,LONGLINE_QUILTED_JACKET,27,161.2,0
2024-02-06,LONGLINE_QUILTED_JACKET,27,162.73,0
2024-02-07,LONGLINE_QUILTED_JACKET,33,168.47,0
2024-02-08,LONGLINE_QUILTED_JACKET,27,165.2,0
2024-02-09,LONGLINE_QUILTED_JACKET,34,161.1,0
2024-02-10,LONGLINE_QUILTED_JACKET,44,177.16,0
2024-02-11,LONGLINE_QUILTED_JACKET,36,171.32,0
2024-02-12,LONGLINE_QUILTED_JACKET,18,176.13,0
2024-02-13,LONGLINE_QUILTED_JACKET,29,173.35,0
2024-02-14,LONGLINE_QUILTED_JACKET,34,163.94,0
2024-02-15,LONGLINE_QUILTED_JACKET,34,164.12,0
2024-02-16,LONGLINE_QUILTED_JACKET,26,167.96,0
2024-02-17,LONGLINE_QUILTED_JACKET,42,173.77,0
2024-02-18,LONGLINE_QUILTED_JACKET,35,173.94,0
2024-02-19,LONGLINE_QUILTED_JACKET,31,174.72,0
2023-08-24,MULTIPIECED_RETRO_SNEAKERS,12,46.67,0
2023-08-25,MULTIPIECED_RETRO_SNEAKERS,16,44.91,0
2023-08-26,MULTIPIECED_RETRO_SNEAKERS,26,45.65,0
2023-08-27,MULTIPIECED_RETRO_SNEAKERS,25,47.44,0
2023-08-28,MULTIPIECED_RETRO_SNEAKERS,11,46.07,0
2023-08-29,MULTIPIECED_RETRO_SNEAKERS,10,46.65,0
2023-08-30,MULTIPIECED_RETRO_SNEAKERS,13,46.57,0
2023-08-31,MULTIPIECED_RETRO_SNEAKERS,18,44.3,0
2023-09-01,MULTIPIECED_RETRO_SNEAKERS,16,46.95,0
2023-09-02,MULTIPIECED_RETRO_SNEAKERS,21,43.7,0
2023-09-03,MULTIPIECED_RETRO_SNEAKERS,18,47.64,0
2023-09-04,MULTIPIECED_RETRO_SNEAKERS,8,46.03,0
2023-09-05,MULTIPIECED_RETRO_SNEAKERS,14,45.86,0
2023-09-06,MULTIPIECED_RETRO_SNEAKERS,16,44.15,0
2023-09-07,MULTIPIECED_RETRO_SNEAKERS,12,47.73,0
2023-09-08,MULTIPIECED_RETRO_SNEAKERS,18,47.79,0
2023-09-09,MULTIPIECED_RETRO_SNEAKERS,18,46.71,0
2023-09-10,MULTIPIECED_RETRO_SNEAKERS,20,47.18,0
2023-09-11,MULTIPIECED_RETRO_SNEAKERS,12,43.76,0
2023-09-12,MULTIPIECED_RETRO_SNEAKERS,11,45.89,0
2023-09-13,MULTIPIECED_RETRO_SNEAKERS,12,45.28,0
2023-09-14,MULTIPIECED_RETRO_SNEAKERS,12,45.59,0
2023-09-15,MULTIPIECED_RETRO_SNEAKERS,13,45.92,0
2023-09-16,MULTIPIECED_RETRO_SNEAKERS,18,44.44,0
2023-09-17,MULTIPIECED_RETRO_SNEAKERS,23,46.16,0
2023-09-18,MULTIPIECED_RETRO_SNEAKERS,13,46.99,0
2023-09-19,MULTIPIECED_RETRO_SNEAKERS,16,45.59,0
2023-09-20,MULTIPIECED_RETRO_SNEAKERS,11,45.83,0
2023-09-21,MULTIPIECED_RETRO_SNEAKERS,16,45.03,0
2023-09-22,MULTIPIECED_RETRO_SNEAKERS,19,44.0,0
2023-09-23,MULTIPIECED_RETRO_SNEAKERS,14,45.24,0
2023-09-24,MULTIPIECED_RETRO_SNEAKERS,18,46.32,0
2023-09-25,MULTIPIECED_RETRO_SNEAKERS,12,43.65,0
2023-09-26,MULTIPIECED_RETRO_SNEAKERS,12,44.53,0
2023-09-27,MULTIPIECED_RETRO_SNEAKERS,13,44.81,0
2023-09-28,MULTIPIECED_RETRO_SNEAKERS,14,43.91,0
2023-09-29,MULTIPIECED_RETRO_SNEAKERS,14,46.91,0
2023-09-30,MULTIPIECED_RETRO_SNEAKERS,20,47.82,0
2023-10-01,MULTIPIECED_RETRO_SNEAKERS,12,45.98,0
2023-10-02,MULTIPIECED_RETRO_SNEAKERS,10,47.77,0
2023-10-03,MULTIPIECED_RETRO_SNEAKERS,14,47.77,0
2023-10-04,MULTIPIECED_RETRO_SNEAKERS,17,44.17,0
2023-10-05,MULTIPIECED_RETRO_SNEAKERS,15,45.49,0
2023-10-06,MULTIPIECED_RETRO_SNEAKERS,15,45.82,0
2023-10-07,MULTIPIECED_RETRO_SNEAKERS,16,45.09,0
2023-10-08,MULTIPIECED_RETRO_SNEAKERS,16,47.94,0
2023-10-09,MULTIPIECED_RETRO_SNEAKERS,10,46.69,0
2023-10-10,MULTIPIECED_RETRO_SNEAKERS,8,44.35,0
2023-10-11,MULTIPIECED_RETRO_SNEAKERS,17,47.58,0
2023-10-12,MULTIPIECED_RETRO_SNEAKERS,13,46.48,0
2023-10-13,MULTIPIECED_RETRO_SNEAKERS,12,47.95,0
2023-10-14,MULTIPIECED_RETRO_SNEAKERS,18,44.21,0
2023-10-15,MULTIPIECED_RETRO_SNEAKERS,14,47.89,0
2023-10-16,MULTIPIECED_RETRO_SNEAKERS,13,46.91,0
2023-10-17,MULTIPIECED_RETRO_SNEAKERS,11,45.64,0
2023-10-18,MULTIPIECED_RETRO_SNEAKERS,15,46.44,0
2023-10-19,MULTIPIECED_RETRO_SNEAKERS,12,48.02,0
2023-10-20,MULTIPIECED_RETRO_SNEAKERS,16,47.69,0
2023-10-21,MULTIPIECED_RETRO_SNEAKERS,20,45.98,0
2023-10-22,MULTIPIECED_RETRO_SNEAKERS,16,45.72,0
2023-10-23,MULTIPIECED_RETRO_SNEAKERS,13,46.96,0
2023-10-24,MULTIPIECED_RETRO_SNEAKERS,9,45.49,0
2023-10-25,MULTIPIECED_RETRO_SNEAKERS,18,46.87,0
2023-10-26,MULTIPIECED_RETRO_SNEAKERS,16,43.84,0
2023-10-27,MULTIPIECED_RETRO_SNEAKERS,16,44.81,0
2023-10-28,MULTIPIECED_RETRO_SNEAKERS,22,44.71,0
2023-10-29,MULTIPIECED_RETRO_SNEAKERS,22,45.34,0
2023-10-30,MULTIPIECED_RETRO_SNEAKERS,12,47.05,0
2023-10-31,MULTIPIECED_RETRO_SNEAKERS,14,48.16,0
2023-11-01,MULTIPIECED_RETRO_SNEAKERS,20,35.87,1
2023-11-02,MULTIPIECED_RETRO_SNEAKERS,21,39.8,1
2023-11-03,MULTIPIECED_RETRO_SNEAKERS,20,36.0,1
2023-11-04,MULTIPIECED_RETRO_SNEAKERS,22,37.88,1
2023-11-05,MULTIPIECED_RETRO_SNEAKERS,40,38.28,1
2023-11-06,MULTIPIECED_RETRO_SNEAKERS,15,40.02,1
2023-11-07,MULTIPIECED_RETRO_SNEAKERS,24,35.33,1
2023-11-08,MULTIPIECED_RETRO_SNEAKERS,21,37.99,1
2023-11-09,MULTIPIECED_RETRO_SNEAKERS,20,40.86,1
2023-11-10,MULTIPIECED_RETRO_SNEAKERS,23,37.06,1
2023-11-11,MULTIPIECED_RETRO_SNEAKERS,24,37.57,1
2023-11-12,MULTIPIECED_RETRO_SNEAKERS,30,35.44,1
2023-11-13,MULTIPIECED_RETRO_SNEAKERS,14,38.32,1
2023-11-14,MULTIPIECED_RETRO_SNEAKERS,24,40.59,1
2023-11-15,MULTIPIECED_RETRO_SNEAKERS,24,40.34,1
2023-11-16,MULTIPIECED_RETRO_SNEAKERS,22,34.49,1
2023-11-17,MULTIPIECED_RETRO_SNEAKERS,33,34.74,1
2023-11-18,MULTIPIECED_RETRO_SNEAKERS,32,38.65,1
2023-11-19,MULTIPIECED_RETRO_SNEAKERS,22,38.98,1
2023-11-20,MULTIPIECED_RETRO_SNEAKERS,22,36.38,1
2023-11-21,MULTIPIECED_RETRO_SNEAKERS,19,39.03,1
2023-11-22,MULTIPIECED_RETRO_SNEAKERS,67,40.72,1
2023-11-23,MULTIPIECED_RETRO_SNEAKERS,78,36.63,1
2023-11-24,MULTIPIECED_RETRO_SNEAKERS,43,35.74,1
2023-11-25,MULTIPIECED_RETRO_SNEAKERS,68,39.97,1
2023-11-26,MULTIPIECED_RETRO_SNEAKERS,65,36.87,1
2023-11-27,MULTIPIECED_RETRO_SNEAKERS,34,38.84,1
2023-11-28,MULTIPIECED_RETRO_SNEAKERS,54,35.08,1
2023-11-29,MULTIPIECED_RETRO_SNEAKERS,34,38.6,1
2023-11-30,MULTIPIECED_RETRO_SNEAKERS,21,37.9,1
2023-12-01,MULTIPIECED_RETRO_SNEAKERS,36,36.38,1
2023-12-02,MULTIPIECED_RETRO_SNEAKERS,45,34.96,1
2023-12-03,MULTIPIECED_RETRO_SNEAKERS,38,37.82,1
2023-12-04,MULTIPIECED_RETRO_SNEAKERS,12,38.83,1
2023-12-05,MULTIPIECED_RETRO_SNEAKERS,25,37.39,1
2023-12-06,MULTIPIECED_RETRO_SNEAKERS,32,34.64,1
2023-12-07,MULTIPIECED_RETRO_SNEAKERS,28,38.05,1
2023-12-08,MULTIPIECED_RETRO_SNEAKERS,28,41.24,1
2023-12-09,MULTIPIECED_RETRO_SNEAKERS,32,38.93,1
2023-12-10,MULTIPIECED_RETRO_SNEAKERS,26,39.26,1
2023-12-11,MULTIPIECED_RETRO_SNEAKERS,35,35.76,1
2023-12-12,MULTIPIECED_RETRO_SNEAKERS,23,38.37,1
2023-12-13,MULTIPIECED_RETRO_SNEAKERS,31,40.36,1
2023-12-14,MULTIPIECED_RETRO_SNEAKERS,18,36.04,1
2023-12-15,MULTIPIECED_RETRO_SNEAKERS,56,38.93,1
2023-12-16,MULTIPIECED_RETRO_SNEAKERS,126,37.79,1
2023-12-17,MULTIPIECED_RETRO_SNEAKERS,57,37.56,1
2023-12-18,MULTIPIECED_RETRO_SNEAKERS,54,34.72,1
2023-12-19,MULTIPIECED_RETRO_SNEAKERS,67,35.58,1
2023-12-20,MULTIPIECED_RETRO_SNEAKERS,86,37.55,1
2023-12-21,MULTIPIECED_RETRO_SNEAKERS,81,37.73,1
2023-12-22,MULTIPIECED_RETRO_SNEAKERS,50,40.63,1
2023-12-23,MULTIPIECED_RETRO_SNEAKERS,93,35.11,1
2023-12-24,MULTIPIECED_RETRO_SNEAKERS,66,37.2,1
2023-12-25,MULTIPIECED_RETRO_SNEAKERS,22,35.04,1
2023-12-26,MULTIPIECED_RETRO_SNEAKERS,41,36.67,1
2023-12-27,MULTIPIECED_RETRO_SNEAKERS,31,41.14,1
2023-12-28,MULTIPIECED_RETRO_SNEAKERS,39,34.6,1
2023-12-29,MULTIPIECED_RETRO_SNEAKERS,31,38.12,1
2023-12-30,MULTIPIECED_RETRO_SNEAKERS,40,36.15,1
2023-12-31,MULTIPIECED_RETRO_SNEAKERS,40,39.18,1
2024-01-01,MULTIPIECED_RETRO_SNEAKERS,31,39.04,1
2024-01-02,MULTIPIECED_RETRO_SNEAKERS,43,38.54,1
2024-01-03,MULTIPIECED_RETRO_SNEAKERS,55,37.77,1
2024-01-04,MULTIPIECED_RETRO_SNEAKERS,41,35.68,1
2024-01-05,MULTIPIECED_RETRO_SNEAKERS,63,37.11,1
2024-01-06,MULTIPIECED_RETRO_SNEAKERS,51,36.96,1
2024-01-07,MULTIPIECED_RETRO_SNEAKERS,67,36.4,1
2024-01-08,MULTIPIECED_RETRO_SNEAKERS,32,35.76,1
2024-01-09,MULTIPIECED_RETRO_SNEAKERS,24,36.35,1
2024-01-10,MULTIPIECED_RETRO_SNEAKERS,24,38.83,1
2024-01-11,MULTIPIECED_RETRO_SNEAKERS,29,36.76,1
2024-01-12,MULTIPIECED_RETRO_SNEAKERS,30,38.26,1
2024-01-13,MULTIPIECED_RETRO_SNEAKERS,31,38.12,1
2024-01-14,MULTIPIECED_RETRO_SNEAKERS,41,36.27,1
2024-01-15,MULTIPIECED_RETRO_SNEAKERS,18,35.98,1
2024-01-16,MULTIPIECED_RETRO_SNEAKERS,37,37.73,1
2024-01-17,MULTIPIECED_RETRO_SNEAKERS,27,37.0,1
2024-01-18,MULTIPIECED_RETRO_SNEAKERS,33,40.19,1
2024-01-19,MULTIPIECED_RETRO_SNEAKERS,24,40.06,1
2024-01-20,MULTIPIECED_RETRO_SNEAKERS,41,40.42,1
2024-01-21,MULTIPIECED_RETRO_SNEAKERS,37,39.02,1
2024-01-22,MULTIPIECED_RETRO_SNEAKERS,11,40.43,1
2024-01-23,MULTIPIECED_RETRO_SNEAKERS,23,37.45,1
2024-01-24,MULTIPIECED_RETRO_SNEAKERS,27,37.2,1
2024-01-25,MULTIPIECED_RETRO_SNEAKERS,33,38.55,1
2024-01-26,MULTIPIECED_RETRO_SNEAKERS,35,35.18,1
2024-01-27,MULTIPIECED_RETRO_SNEAKERS,42,40.35,1
2024-01-28,MULTIPIECED_RETRO_SNEAKERS,21,34.92,1
2024-01-29,MULTIPIECED_RETRO_SNEAKERS,29,38.16,1
2024-01-30,MULTIPIECED_RETRO_SNEAKERS,24,35.29,1
2024-01-31,MULTIPIECED_RETRO_SNEAKERS,28,37.28,1
2024-02-01,MULTIPIECED_RETRO_SNEAKERS,18,45.11,0
2024-02-02,MULTIPIECED_RETRO_SNEAKERS,22,47.45,0
2024-02-03,MULTIPIECED_RETRO_SNEAKERS,23,48.17,0
2024-02-04,MULTIPIECED_RETRO_SNEAKERS,27,44.91,0
2024-02-05,MULTIPIECED_RETRO_SNEAKERS,16,44.7,0
2024-02-06,MULTIPIECED_RETRO_SNEAKERS,17,46.18,0
2024-02-07,MULTIPIECED_RETRO_SNEAKERS,9,46.95,0
2024-02-08,MULTIPIECED_RETRO_SNEAKERS,21,46.29,0
2024-02-09,MULTIPIECED_RETRO_SNEAKERS,13,46.12,0
2024-02-10,MULTIPIECED_RETRO_SNEAKERS,16,43.99,0
2024-02-11,MULTIPIECED_RETRO_SNEAKERS,24,44.15,0
2024-02-12,MULTIPIECED_RETRO_SNEAKERS,14,47.46,0
2024-02-13,MULTIPIECED_RETRO_SNEAKERS,11,46.82,0
2024-02-14,MULTIPIECED_RETRO_SNEAKERS,14,45.46,0
2024-02-15,MULTIPIECED_RETRO_SNEAKERS,19,45.41,0
2024-02-16,MULTIPIECED_RETRO_SNEAKERS,19,44.37,0
2024-02-17,MULTIPIECED_RETRO_SNEAKERS,20,43.82,0
2024-02-18,MULTIPIECED_RETRO_SNEAKERS,17,47.41,0
2024-02-19,MULTIPIECED_RETRO_SNEAKERS,15,46.84,0
