data/pos_data.csv
date,sku,units_sold,price,promo_flag
2023-08-24,PLAID_TIE_DYE_OVERSHIRT,11,20.45,0
2023-08-25,PLAID_TIE_DYE_OVERSHIRT,11,20.19,0
2023-08-26,PLAID_TIE_DYE_OVERSHIRT,13,19.11,0
2023-08-27,PLAID_TIE_DYE_OVERSHIRT,13,20.72,0
2023-08-28,PLAID_TIE_DYE_OVERSHIRT,12,19.03,0
2023-08-29,PLAID_TIE_DYE_OVERSHIRT,12,20.93,0
2023-08-30,PLAID_TIE_DYE_OVERSHIRT,10,19.35,0
2023-08-31,PLAID_TIE_DYE_OVERSHIRT,12,19.36,0
2023-09-01,PLAID_TIE_DYE_OVERSHIRT,13,19.85,0
2023-09-02,PLAID_TIE_DYE_OVERSHIRT,9,19.57,0
2023-09-03,PLAID_TIE_DYE_OVERSHIRT,11,19.57,0
2023-09-04,PLAID_TIE_DYE_OVERSHIRT,10,19.72,0
2023-09-05,PLAID_TIE_DYE_OVERSHIRT,15,19.39,0
2023-09-06,PLAID_TIE_DYE_OVERSHIRT,11,20.02,0
2023-09-07,PLAID_TIE_DYE_OVERSHIRT,10,20.2,0
2023-09-08,PLAID_TIE_DYE_OVERSHIRT,14,19.33,0
2023-09-09,PLAID_TIE_DYE_OVERSHIRT,13,20.36,0
2023-09-10,PLAID_TIE_DYE_OVERSHIRT,14,19.87,0
2023-09-11,PLAID_TIE_DYE_OVERSHIRT,10,19.06,0
2023-09-12,PLAID_TIE_DYE_OVERSHIRT,9,20.81,0
2023-09-13,PLAID_TIE_DYE_OVERSHIRT,14,19.61,0
2023-09-14,PLAID_TIE_DYE_OVERSHIRT,9,20.03,0
2023-09-15,PLAID_TIE_DYE_OVERSHIRT,10,20.93,0
2023-09-16,PLAID_TIE_DYE_OVERSHIRT,17,20.54,0
2023-09-17,PLAID_TIE_DYE_OVERSHIRT,19,19.17,0
2023-09-18,PLAID_TIE_DYE_OVERSHIRT,11,19.38,0
2023-09-19,PLAID_TIE_DYE_OVERSHIRT,13,19.77,0
2023-09-20,PLAID_TIE_DYE_OVERSHIRT,12,19.53,0
2023-09-21,PLAID_TIE_DYE_OVERSHIRT,12,19.55,0
2023-09-22,PLAID_TIE_DYE_OVERSHIRT,19,20.08,0
2023-09-23,PLAID_TIE_DYE_OVERSHIRT,19,19.14,0
2023-09-24,PLAID_TIE_DYE_OVERSHIRT,16,20.96,0
2023-09-25,PLAID_TIE_DYE_OVERSHIRT,10,19.0,0
2023-09-26,PLAID_TIE_DYE_OVERSHIRT,16,20.62,0
2023-09-27,PLAID_TIE_DYE_OVERSHIRT,17,20.53,0
2023-09-28,PLAID_TIE_DYE_OVERSHIRT,17,19.14,0
2023-09-29,PLAID_TIE_DYE_OVERSHIRT,14,20.72,0
2023-09-30,PLAID_TIE_DYE_OVERSHIRT,18,20.24,0
2023-10-01,PLAID_TIE_DYE_OVERSHIRT,21,19.61,0
2023-10-02,PLAID_TIE_DYE_OVERSHIRT,15,19.64,0
2023-10-03,PLAID_TIE_DYE_OVERSHIRT,22,20.76,0
2023-10-04,PLAID_TIE_DYE_OVERSHIRT,24,19.93,0
2023-10-05,PLAID_TIE_DYE_OVERSHIRT,20,20.51,0
2023-10-06,PLAID_TIE_DYE_OVERSHIRT,19,20.11,0
2023-10-07,PLAID_TIE_DYE_OVERSHIRT,25,20.04,0
2023-10-08,PLAID_TIE_DYE_OVERSHIRT,33,19.85,0
2023-10-09,PLAID_TIE_DYE_OVERSHIRT,17,19.62,0
2023-10-10,PLAID_TIE_DYE_OVERSHIRT,19,20.01,0
2023-10-11,PLAID_TIE_DYE_OVERSHIRT,19,19.81,0
2023-10-12,PLAID_TIE_DYE_OVERSHIRT,22,20.5,0
2023-10-13,PLAID_TIE_DYE_OVERSHIRT,20,20.85,0
2023-10-14,PLAID_TIE_DYE_OVERSHIRT,24,20.61,0
2023-10-15,PLAID_TIE_DYE_OVERSHIRT,32,20.6,0
2023-10-16,PLAID_TIE_DYE_OVERSHIRT,19,19.36,0
2023-10-17,PLAID_TIE_DYE_OVERSHIRT,21,20.6,0
2023-10-18,PLAID_TIE_DYE_OVERSHIRT,25,20.78,0
2023-10-19,PLAID_TIE_DYE_OVERSHIRT,18,19.45,0
2023-10-20,PLAID_TIE_DYE_OVERSHIRT,23,19.84,0
2023-10-21,PLAID_TIE_DYE_OVERSHIRT,30,19.0,0
2023-10-22,PLAID_TIE_DYE_OVERSHIRT,30,20.01,0
2023-10-23,PLAID_TIE_DYE_OVERSHIRT,13,19.23,0
2023-10-24,PLAID_TIE_DYE_OVERSHIRT,20,19.67,0
2023-10-25,PLAID_TIE_DYE_OVERSHIRT,22,20.03,0
2023-10-26,PLAID_TIE_DYE_OVERSHIRT,24,20.4,0
2023-10-27,PLAID_TIE_DYE_OVERSHIRT,28,20.91,0
2023-10-28,PLAID_TIE_DYE_OVERSHIRT,29,19.49,0
2023-10-29,PLAID_TIE_DYE_OVERSHIRT,19,19.56,0
2023-10-30,PLAID_TIE_DYE_OVERSHIRT,20,19.06,0
2023-10-31,PLAID_TIE_DYE_OVERSHIRT,24,19.09,0
2023-11-01,PLAID_TIE_DYE_OVERSHIRT,53,17.72,1
2023-11-02,PLAID_TIE_DYE_OVERSHIRT,35,17.95,1
2023-11-03,PLAID_TIE_DYE_OVERSHIRT,32,17.01,1
2023-11-04,PLAID_TIE_DYE_OVERSHIRT,62,16.1,1
2023-11-05,PLAID_TIE_DYE_OVERSHIRT,43,16.89,1
2023-11-06,PLAID_TIE_DYE_OVERSHIRT,27,15.11,1
2023-11-07,PLAID_TIE_DYE_OVERSHIRT,36,17.02,1
2023-11-08,PLAID_TIE_DYE_OVERSHIRT,24,16.93,1
2023-11-09,PLAID_TIE_DYE_OVERSHIRT,37,17.06,1
2023-11-10,PLAID_TIE_DYE_OVERSHIRT,38,17.77,1
2023-11-11,PLAID_TIE_DYE_OVERSHIRT,54,15.77,1
2023-11-12,PLAID_TIE_DYE_OVERSHIRT,58,16.58,1
2023-11-13,PLAID_TIE_DYE_OVERSHIRT,41,15.27,1
2023-11-14,PLAID_TIE_DYE_OVERSHIRT,48,16.01,1
2023-11-15,PLAID_TIE_DYE_OVERSHIRT,46,17.17,1
2023-11-16,PLAID_TIE_DYE_OVERSHIRT,48,16.92,1
2023-11-17,PLAID_TIE_DYE_OVERSHIRT,46,15.48,1
2023-11-18,PLAID_TIE_DYE_OVERSHIRT,64,15.01,1
2023-11-19,PLAID_TIE_DYE_OVERSHIRT,43,16.64,1
2023-11-20,PLAID_TIE_DYE_OVERSHIRT,29,17.13,1
2023-11-21,PLAID_TIE_DYE_OVERSHIRT,45,15.97,1
2023-11-22,PLAID_TIE_DYE_OVERSHIRT,132,16.7,1
2023-11-23,PLAID_TIE_DYE_OVERSHIRT,110,15.79,1
2023-11-24,PLAID_TIE_DYE_OVERSHIRT,164,16.88,1
2023-11-25,PLAID_TIE_DYE_OVERSHIRT,146,16.72,1
2023-11-26,PLAID_TIE_DYE_OVERSHIRT,101,15.07,1
2023-11-27,PLAID_TIE_DYE_OVERSHIRT,101,17.81,1
2023-11-28,PLAID_TIE_DYE_OVERSHIRT,141,17.89,1
2023-11-29,PLAID_TIE_DYE_OVERSHIRT,57,17.55,1
2023-11-30,PLAID_TIE_DYE_OVERSHIRT,51,15.94,1
2023-12-01,PLAID_TIE_DYE_OVERSHIRT,44,16.66,1
2023-12-02,PLAID_TIE_DYE_OVERSHIRT,74,15.28,1
2023-12-03,PLAID_TIE_DYE_OVERSHIRT,82,17.96,1
2023-12-04,PLAID_TIE_DYE_OVERSHIRT,43,17.21,1
2023-12-05,PLAID_TIE_DYE_OVERSHIRT,49,17.1,1
2023-12-06,PLAID_TIE_DYE_OVERSHIRT,52,17.42,1
2023-12-07,PLAID_TIE_DYE_OVERSHIRT,44,17.73,1
2023-12-08,PLAID_TIE_DYE_OVERSHIRT,69,16.94,1
2023-12-09,PLAID_TIE_DYE_OVERSHIRT,64,17.38,1
2023-12-10,PLAID_TIE_DYE_OVERSHIRT,51,15.27,1
2023-12-11,PLAID_TIE_DYE_OVERSHIRT,28,15.1,1
2023-12-12,PLAID_TIE_DYE_OVERSHIRT,30,16.76,1
2023-12-13,PLAID_TIE_DYE_OVERSHIRT,45,15.1,1
2023-12-14,PLAID_TIE_DYE_OVERSHIRT,42,16.56,1
2023-12-15,PLAID_TIE_DYE_OVERSHIRT,93,16.86,1
2023-12-16,PLAID_TIE_DYE_OVERSHIRT,127,16.9,1
2023-12-17,PLAID_TIE_DYE_OVERSHIRT,222,16.54,1
2023-12-18,PLAID_TIE_DYE_OVERSHIRT,81,15.23,1
2023-12-19,PLAID_TIE_DYE_OVERSHIRT,69,17.5,1
2023-12-20,PLAID_TIE_DYE_OVERSHIRT,90,15.74,1
2023-12-21,PLAID_TIE_DYE_OVERSHIRT,101,16.97,1
2023-12-22,PLAID_TIE_DYE_OVERSHIRT,139,16.83,1
2023-12-23,PLAID_TIE_DYE_OVERSHIRT,144,16.06,1
2023-12-24,PLAID_TIE_DYE_OVERSHIRT,97,15.29,1
2023-12-25,PLAID_TIE_DYE_OVERSHIRT,57,16.41,1
2023-12-26,PLAID_TIE_DYE_OVERSHIRT,27,16.84,1
2023-12-27,PLAID_TIE_DYE_OVERSHIRT,37,15.13,1
2023-12-28,PLAID_TIE_DYE_OVERSHIRT,48,17.56,1
2023-12-29,PLAID_TIE_DYE_OVERSHIRT,86,15.48,1
2023-12-30,PLAID_TIE_DYE_OVERSHIRT,55,16.75,1
2023-12-31,PLAID_TIE_DYE_OVERSHIRT,72,16.72,1
2024-01-01,PLAID_TIE_DYE_OVERSHIRT,102,17.82,1
2024-01-02,PLAID_TIE_DYE_OVERSHIRT,58,17.71,1
2024-01-03,PLAID_TIE_DYE_OVERSHIRT,65,15.21,1
2024-01-04,PLAID_TIE_DYE_OVERSHIRT,78,15.06,1
2024-01-05,PLAID_TIE_DYE_OVERSHIRT,99,16.88,1
2024-01-06,PLAID_TIE_DYE_OVERSHIRT,110,17.4,1
2024-01-07,PLAID_TIE_DYE_OVERSHIRT,100,17.96,1
2024-01-08,PLAID_TIE_DYE_OVERSHIRT,46,16.11,1
2024-01-09,PLAID_TIE_DYE_OVERSHIRT,59,17.57,1
2024-01-10,PLAID_TIE_DYE_OVERSHIRT,47,17.24,1
2024-01-11,PLAID_TIE_DYE_OVERSHIRT,67,15.95,1
2024-01-12,PLAID_TIE_DYE_OVERSHIRT,63,16.16,1
2024-01-13,PLAID_TIE_DYE_OVERSHIRT,61,17.84,1
2024-01-14,PLAID_TIE_DYE_OVERSHIRT,64,16.89,1
2024-01-15,PLAID_TIE_DYE_OVERSHIRT,33,17.01,1
2024-01-16,PLAID_TIE_DYE_OVERSHIRT,40,17.37,1
2024-01-17,PLAID_TIE_DYE_OVERSHIRT,53,15.17,1
2024-01-18,PLAID_TIE_DYE_OVERSHIRT,41,16.32,1
2024-01-19,PLAID_TIE_DYE_OVERSHIRT,52,15.42,1
2024-01-20,PLAID_TIE_DYE_OVERSHIRT,64,16.85,1
2024-01-21,PLAID_TIE_DYE_OVERSHIRT,61,15.21,1
2024-01-22,PLAID_TIE_DYE_OVERSHIRT,41,17.11,1
2024-01-23,PLAID_TIE_DYE_OVERSHIRT,32,17.43,1
2024-01-24,PLAID_TIE_DYE_OVERSHIRT,40,17.95,1
2024-01-25,PLAID_TIE_DYE_OVERSHIRT,45,17.32,1
2024-01-26,PLAID_TIE_DYE_OVERSHIRT,55,16.26,1
2024-01-27,PLAID_TIE_DYE_OVERSHIRT,71,15.03,1
2024-01-28,PLAID_TIE_DYE_OVERSHIRT,51,15.16,1
2024-01-29,PLAID_TIE_DYE_OVERSHIRT,40,17.23,1
2024-01-30,PLAID_TIE_DYE_OVERSHIRT,42,17.88,1
2024-01-31,PLAID_TIE_DYE_OVERSHIRT,54,15.66,1
2024-02-01,PLAID_TIE_DYE_OVERSHIRT,28,20.92,0
2024-02-02,PLAID_TIE_DYE_OVERSHIRT,37,19.14,0
2024-02-03,PLAID_TIE_DYE_OVERSHIRT,40,20.1,0
2024-02-04,PLAID_TIE_DYE_OVERSHIRT,40,20.25,0
2024-02-05,PLAID_TIE_DYE_OVERSHIRT,28,20.38,0
2024-02-06,PLAID_TIE_DYE_OVERSHIRT,43,20.16,0
2024-02-07,PLAID_TIE_DYE_OVERSHIRT,26,20.79,0
2024-02-08,PLAID_TIE_DYE_OVERSHIRT,44,19.54,0
2024-02-09,PLAID_TIE_DYE_OVERSHIRT,29,19.37,0
2024-02-10,PLAID_TIE_DYE_OVERSHIRT,23,20.16,0
2024-02-11,PLAID_TIE_DYE_OVERSHIRT,35,19.15,0
2024-02-12,PLAID_TIE_DYE_OVERSHIRT,27,19.61,0
2024-02-13,PLAID_TIE_DYE_OVERSHIRT,41,20.62,0
2024-02-14,PLAID_TIE_DYE_OVERSHIRT,24,20.81,0
2024-02-15,PLAID_TIE_DYE_OVERSHIRT,33,20.63,0
2024-02-16,PLAID_TIE_DYE_OVERSHIRT,25,20.86,0
2024-02-17,PLAID_TIE_DYE_OVERSHIRT,52,20.72,0
2024-02-18,PLAID_TIE_DYE_OVERSHIRT,47,20.96,0
2024-02-19,PLAID_TIE_DYE_OVERSHIRT,23,19.29,0
2023-08-24,POCKET_JACKET_MAN,11,136.49,0
2023-08-25,POCKET_JACKET_MAN,14,135.56,0
2023-08-26,POCKET_JACKET_MAN,16,138.34,0
2023-08-27,POCKET_JACKET_MAN,12,137.95,0
2023-08-28,POCKET_JACKET_MAN,8,139.52,0
2023-08-29,POCKET_JACKET_MAN,8,132.36,0
2023-08-30,POCKET_JACKET_MAN,13,141.5,0
2023-08-31,POCKET_JACKET_MAN,10,140.88,0
2023-09-01,POCKET_JACKET_MAN,15,139.57,0
2023-09-02,POCKET_JACKET_MAN,14,136.55,0
2023-09-03,POCKET_JACKET_MAN,16,140.19,0
2023-09-04,POCKET_JACKET_MAN,9,141.42,0
2023-09-05,POCKET_JACKET_MAN,12,137.58,0
2023-09-06,POCKET_JACKET_MAN,13,139.19,0
2023-09-07,POCKET_JACKET_MAN,10,137.44,0
2023-09-08,POCKET_JACKET_MAN,16,133.38,0
2023-09-09,POCKET_JACKET_MAN,11,137.69,0
2023-09-10,POCKET_JACKET_MAN,20,141.5,0
2023-09-11,POCKET_JACKET_MAN,10,142.78,0
2023-09-12,POCKET_JACKET_MAN,10,143.56,0
2023-09-13,POCKET_JACKET_MAN,13,138.8,0
2023-09-14,POCKET_JACKET_MAN,12,139.58,0
2023-09-15,POCKET_JACKET_MAN,9,137.52,0
2023-09-16,POCKET_JACKET_MAN,14,137.44,0
2023-09-17,POCKET_JACKET_MAN,13,144.02,0
2023-09-18,POCKET_JACKET_MAN,8,133.02,0
2023-09-19,POCKET_JACKET_MAN,10,136.84,0
2023-09-20,POCKET_JACKET_MAN,14,132.91,0
2023-09-21,POCKET_JACKET_MAN,15,144.35,0
2023-09-22,POCKET_JACKET_MAN,12,135.13,0
2023-09-23,POCKET_JACKET_MAN,10,144.19,0
2023-09-24,POCKET_JACKET_MAN,9,142.65,0
2023-09-25,POCKET_JACKET_MAN,16,143.83,0
2023-09-26,POCKET_JACKET_MAN,14,132.18,0
2023-09-27,POCKET_JACKET_MAN,15,142.34,0
2023-09-28,POCKET_JACKET_MAN,13,139.6,0
2023-09-29,POCKET_JACKET_MAN,9,139.29,0
2023-09-30,POCKET_JACKET_MAN,19,141.16,0
2023-10-01,POCKET_JACKET_MAN,30,144.02,0
2023-10-02,POCKET_JACKET_MAN,13,134.2,0
2023-10-03,POCKET_JACKET_MAN,10,141.61,0
2023-10-04,POCKET_JACKET_MAN,14,135.52,0
2023-10-05,POCKET_JACKET_MAN,21,137.86,0
2023-10-06,POCKET_JACKET_MAN,22,144.71,0
2023-10-07,POCKET_JACKET_MAN,29,132.33,0
2023-10-08,POCKET_JACKET_MAN,24,140.45,0
2023-10-09,POCKET_JACKET_MAN,18,135.99,0
2023-10-10,POCKET_JACKET_MAN,17,141.6,0
2023-10-11,POCKET_JACKET_MAN,15,132.53,0
2023-10-12,POCKET_JACKET_MAN,22,137.74,0
2023-10-13,POCKET_JACKET_MAN,26,143.18,0
2023-10-14,POCKET_JACKET_MAN,22,138.4,0
2023-10-15,POCKET_JACKET_MAN,33,143.55,0
2023-10-16,POCKET_JACKET_MAN,22,137.96,0
2023-10-17,POCKET_JACKET_MAN,16,139.5,0
2023-10-18,POCKET_JACKET_MAN,16,138.29,0
2023-10-19,POCKET_JACKET_MAN,17,142.04,0
2023-10-20,POCKET_JACKET_MAN,23,135.02,0
2023-10-21,POCKET_JACKET_MAN,25,135.22,0
2023-10-22,POCKET_JACKET_MAN,20,140.17,0
2023-10-23,POCKET_JACKET_MAN,15,139.52,0
2023-10-24,POCKET_JACKET_MAN,12,134.88,0
2023-10-25,POCKET_JACKET_MAN,13,132.55,0
2023-10-26,POCKET_JACKET_MAN,15,138.97,0
2023-10-27,POCKET_JACKET_MAN,35,141.88,0
2023-10-28,POCKET_JACKET_MAN,39,134.52,0
2023-10-29,POCKET_JACKET_MAN,33,145.22,0
2023-10-30,POCKET_JACKET_MAN,17,133.94,0
2023-10-31,POCKET_JACKET_MAN,16,132.89,0
2023-11-01,POCKET_JACKET_MAN,22,136.57,0
2023-11-02,POCKET_JACKET_MAN,25,139.47,0
2023-11-03,POCKET_JACKET_MAN,22,134.05,0
2023-11-04,POCKET_JACKET_MAN,32,136.73,0
2023-11-05,POCKET_JACKET_MAN,23,140.19,0
2023-11-06,POCKET_JACKET_MAN,17,135.15,0
2023-11-07,POCKET_JACKET_MAN,22,134.66,0
2023-11-08,POCKET_JACKET_MAN,32,135.72,0
2023-11-09,POCKET_JACKET_MAN,20,132.22,0
2023-11-10,POCKET_JACKET_MAN,41,145.43,0
2023-11-11,POCKET_JACKET_MAN,34,140.24,0
2023-11-12,POCKET_JACKET_MAN,47,144.95,0
2023-11-13,POCKET_JACKET_MAN,17,143.56,0
2023-11-14,POCKET_JACKET_MAN,19,135.7,0
2023-11-15,POCKET_JACKET_MAN,21,139.06,0
2023-11-16,POCKET_JACKET_MAN,25,132.99,0
2023-11-17,POCKET_JACKET_MAN,38,142.11,0
2023-11-18,POCKET_JACKET_MAN,29,141.28,0
2023-11-19,POCKET_JACKET_MAN,39,137.98,0
2023-11-20,POCKET_JACKET_MAN,30,144.33,0
2023-11-21,POCKET_JACKET_MAN,27,138.94,0
2023-11-22,POCKET_JACKET_MAN,50,112.35,1
2023-11-23,POCKET_JACKET_MAN,84,119.35,1
2023-11-24,POCKET_JACKET_MAN,63,110.17,1
2023-11-25,POCKET_JACKET_MAN,56,119.75,1
2023-11-26,POCKET_JACKET_MAN,43,124.73,1
2023-11-27,POCKET_JACKET_MAN,44,105.92,1
2023-11-28,POCKET_JACKET_MAN,74,112.98,1
2023-11-29,POCKET_JACKET_MAN,35,138.05,0
2023-11-30,POCKET_JACKET_MAN,27,139.07,0
2023-12-01,POCKET_JACKET_MAN,27,134.13,0
2023-12-02,POCKET_JACKET_MAN,37,134.78,0
2023-12-03,POCKET_JACKET_MAN,29,135.54,0
2023-12-04,POCKET_JACKET_MAN,21,136.6,0
2023-12-05,POCKET_JACKET_MAN,30,134.97,0
2023-12-06,POCKET_JACKET_MAN,25,141.38,0
2023-12-07,POCKET_JACKET_MAN,27,139.32,0
2023-12-08,POCKET_JACKET_MAN,35,133.82,0
2023-12-09,POCKET_JACKET_MAN,40,137.59,0
2023-12-10,POCKET_JACKET_MAN,32,135.71,0
2023-12-11,POCKET_JACKET_MAN,20,139.78,0
2023-12-12,POCKET_JACKET_MAN,31,133.81,0
2023-12-13,POCKET_JACKET_MAN,27,145.58,0
2023-12-14,POCKET_JACKET_MAN,32,136.76,0
2023-12-15,POCKET_JACKET_MAN,46,143.97,0
2023-12-16,POCKET_JACKET_MAN,77,138.61,0
2023-12-17,POCKET_JACKET_MAN,102,142.23,0
2023-12-18,POCKET_JACKET_MAN,44,132.85,0
2023-12-19,POCKET_JACKET_MAN,50,142.01,0
2023-12-20,POCKET_JACKET_MAN,44,139.09,0
2023-12-21,POCKET_JACKET_MAN,44,138.68,0
2023-12-22,POCKET_JACKET_MAN,73,145.84,0
2023-12-23,POCKET_JACKET_MAN,54,143.74,0
2023-12-24,POCKET_JACKET_MAN,68,137.64,0
2023-12-25,POCKET_JACKET_MAN,23,143.81,0
2023-12-26,POCKET_JACKET_MAN,36,141.91,0
2023-12-27,POCKET_JACKET_MAN,22,140.2,0
2023-12-28,POCKET_JACKET_MAN,35,136.81,0
2023-12-29,POCKET_JACKET_MAN,21,133.22,0
2023-12-30,POCKET_JACKET_MAN,46,136.62,0
2023-12-31,POCKET_JACKET_MAN,28,137.49,0
2024-01-01,POCKET_JACKET_MAN,30,119.27,1
2024-01-02,POCKET_JACKET_MAN,32,123.92,1
2024-01-03,POCKET_JACKET_MAN,60,123.44,1
2024-01-04,POCKET_JACKET_MAN,40,116.21,1
2024-01-05,POCKET_JACKET_MAN,71,104.65,1
2024-01-06,POCKET_JACKET_MAN,65,123.71,1
2024-01-07,POCKET_JACKET_MAN,60,123.43,1
2024-01-08,POCKET_JACKET_MAN,25,138.59,0
2024-01-09,POCKET_JACKET_MAN,23,135.03,0
2024-01-10,POCKET_JACKET_MAN,29,132.95,0
2024-01-11,POCKET_JACKET_MAN,41,139.08,0
2024-01-12,POCKET_JACKET_MAN,42,143.41,0
2024-01-13,POCKET_JACKET_MAN,41,132.23,0
2024-01-14,POCKET_JACKET_MAN,46,141.71,0
2024-01-15,POCKET_JACKET_MAN,33,141.07,0
2024-01-16,POCKET_JACKET_MAN,18,136.92,0
2024-01-17,POCKET_JACKET_MAN,28,137.24,0
2024-01-18,POCKET_JACKET_MAN,26,135.03,0
2024-01-19,POCKET_JACKET_MAN,24,132.53,0
2024-01-20,POCKET_JACKET_MAN,54,136.49,0
2024-01-21,POCKET_JACKET_MAN,43,142.13,0
2024-01-22,POCKET_JACKET_MAN,30,141.75,0
2024-01-23,POCKET_JACKET_MAN,26,135.84,0
2024-01-24,POCKET_JACKET_MAN,28,143.61,0
2024-01-25,POCKET_JACKET_MAN,29,132.18,0
2024-01-26,POCKET_JACKET_MAN,37,134.0,0
2024-01-27,POCKET_JACKET_MAN,44,133.09,0
2024-01-28,POCKET_JACKET_MAN,25,145.16,0
2024-01-29,POCKET_JACKET_MAN,28,142.9,0
2024-01-30,POCKET_JACKET_MAN,28,142.55,0
2024-01-31,POCKET_JACKET_MAN,39,140.92,0
2024-02-01,POCKET_JACKET_MAN,37,140.79,0
2024-02-02,POCKET_JACKET_MAN,35,142.23,0
2024-02-03,POCKET_JACKET_MAN,38,142.85,0
2024-02-04,POCKET_JACKET_MAN,35,133.21,0
2024-02-05,POCKET_JACKET_MAN,27,138.76,0
2024-02-06,POCKET_JACKET_MAN,36,138.22,0
2024-02-07,POCKET_JACKET_MAN,29,139.98,0
2024-02-08,POCKET_JACKET_MAN,26,140.6,0
2024-02-09,POCKET_JACKET_MAN,33,143.56,0
2024-02-10,POCKET_JACKET_MAN,39,140.3,0
2024-02-11,POCKET_JACKET_MAN,29,134.33,0
2024-02-12,POCKET_JACKET_MAN,18,134.43,0
2024-02-13,POCKET_JACKET_MAN,25,141.33,0
2024-02-14,POCKET_JACKET_MAN,37,133.27,0
2024-02-15,POCKET_JACKET_MAN,35,144.47,0
2024-02-16,POCKET_JACKET_MAN,22,138.48,0
2024-02-17,POCKET_JACKET_MAN,30,137.47,0
2024-02-18,POCKET_JACKET_MAN,42,142.91,0
2024-02-19,POCKET_JACKET_MAN,22,144.99,0
