data/pos_data.csv
date,sku,units_sold,price,promo_flag
2023-08-24,RIPPED_STRAIGHT_FIT_JEANS,17,68.57,0
2023-08-25,RIPPED_STRAIGHT_FIT_JEANS,19,68.15,0
2023-08-26,RIPPED_STRAIGHT_FIT_JEANS,38,68.9,0
2023-08-27,RIPPED_STRAIGHT_FIT_JEANS,30,68.88,0
2023-08-28,RIPPED_STRAIGHT_FIT_JEANS,17,68.56,0
2023-08-29,RIPPED_STRAIGHT_FIT_JEANS,21,72.79,0
2023-08-30,RIPPED_STRAIGHT_FIT_JEANS,18,68.88,0
2023-08-31,RIPPED_STRAIGHT_FIT_JEANS,20,69.94,0
2023-09-01,RIPPED_STRAIGHT_FIT_JEANS,20,70.27,0
2023-09-02,RIPPED_STRAIGHT_FIT_JEANS,20,69.92,0
2023-09-03,RIPPED_STRAIGHT_FIT_JEANS,26,71.14,0
2023-09-04,RIPPED_STRAIGHT_FIT_JEANS,15,72.26,0
2023-09-05,RIPPED_STRAIGHT_FIT_JEANS,20,69.48,0
2023-09-06,RIPPED_STRAIGHT_FIT_JEANS,21,70.67,0
2023-09-07,RIPPED_STRAIGHT_FIT_JEANS,20,67.66,0
2023-09-08,RIPPED_STRAIGHT_FIT_JEANS,17,71.26,0
2023-09-09,RIPPED_STRAIGHT_FIT_JEANS,22,67.56,0
2023-09-10,RIPPED_STRAIGHT_FIT_JEANS,23,66.42,0
2023-09-11,RIPPED_STRAIGHT_FIT_JEANS,19,70.0,0
2023-09-12,RIPPED_STRAIGHT_FIT_JEANS,22,67.53,0
2023-09-13,RIPPED_STRAIGHT_FIT_JEANS,16,67.14,0
2023-09-14,RIPPED_STRAIGHT_FIT_JEANS,14,67.96,0
2023-09-15,RIPPED_STRAIGHT_FIT_JEANS,32,68.12,0
2023-09-16,RIPPED_STRAIGHT_FIT_JEANS,26,66.81,0
2023-09-17,RIPPED_STRAIGHT_FIT_JEANS,17,67.94,0
2023-09-18,RIPPED_STRAIGHT_FIT_JEANS,14,73.11,0
2023-09-19,RIPPED_STRAIGHT_FIT_JEANS,22,69.31,0
2023-09-20,RIPPED_STRAIGHT_FIT_JEANS,26,69.4,0
2023-09-21,RIPPED_STRAIGHT_FIT_JEANS,25,71.31,0
2023-09-22,RIPPED_STRAIGHT_FIT_JEANS,23,67.61,0
2023-09-23,RIPPED_STRAIGHT_FIT_JEANS,11,72.49,0
2023-09-24,RIPPED_STRAIGHT_FIT_JEANS,24,70.82,0
2023-09-25,RIPPED_STRAIGHT_FIT_JEANS,12,70.64,0
2023-09-26,RIPPED_STRAIGHT_FIT_JEANS,19,67.22,0
2023-09-27,RIPPED_STRAIGHT_FIT_JEANS,15,71.24,0
2023-09-28,RIPPED_STRAIGHT_FIT_JEANS,17,67.85,0
2023-09-29,RIPPED_STRAIGHT_FIT_JEANS,25,67.83,0
2023-09-30,RIPPED_STRAIGHT_FIT_JEANS,23,69.95,0
2023-10-01,RIPPED_STRAIGHT_FIT_JEANS,22,71.95,0
2023-10-02,RIPPED_STRAIGHT_FIT_JEANS,15,66.89,0
2023-10-03,RIPPED_STRAIGHT_FIT_JEANS,28,70.8,0
2023-10-04,RIPPED_STRAIGHT_FIT_JEANS,14,71.22,0
2023-10-05,RIPPED_STRAIGHT_FIT_JEANS,19,72.25,0
2023-10-06,RIPPED_STRAIGHT_FIT_JEANS,28,72.15,0
2023-10-07,RIPPED_STRAIGHT_FIT_JEANS,23,68.74,0
2023-10-08,RIPPED_STRAIGHT_FIT_JEANS,29,71.94,0
2023-10-09,RIPPED_STRAIGHT_FIT_JEANS,11,72.38,0
2023-10-10,RIPPED_STRAIGHT_FIT_JEANS,17,72.57,0
2023-10-11,RIPPED_STRAIGHT_FIT_JEANS,15,69.12,0
2023-10-12,RIPPED_STRAIGHT_FIT_JEANS,18,72.02,0
2023-10-13,RIPPED_STRAIGHT_FIT_JEANS,20,66.87,0
2023-10-14,RIPPED_STRAIGHT_FIT_JEANS,23,72.54,0
2023-10-15,RIPPED_STRAIGHT_FIT_JEANS,27,73.17,0
2023-10-16,RIPPED_STRAIGHT_FIT_JEANS,8,66.87,0
2023-10-17,RIPPED_STRAIGHT_FIT_JEANS,16,69.03,0
2023-10-18,RIPPED_STRAIGHT_FIT_JEANS,18,72.02,0
2023-10-19,RIPPED_STRAIGHT_FIT_JEANS,11,67.94,0
2023-10-20,RIPPED_STRAIGHT_FIT_JEANS,23,68.86,0
2023-10-21,RIPPED_STRAIGHT_FIT_JEANS,20,68.99,0
2023-10-22,RIPPED_STRAIGHT_FIT_JEANS,22,69.65,0
2023-10-23,RIPPED_STRAIGHT_FIT_JEANS,18,71.36,0
2023-10-24,RIPPED_STRAIGHT_FIT_JEANS,22,66.46,0
2023-10-25,RIPPED_STRAIGHT_FIT_JEANS,20,69.79,0
2023-10-26,RIPPED_STRAIGHT_FIT_JEANS,13,66.44,0
2023-10-27,RIPPED_STRAIGHT_FIT_JEANS,22,70.24,0
2023-10-28,RIPPED_STRAIGHT_FIT_JEANS,26,66.87,0
2023-10-29,RIPPED_STRAIGHT_FIT_JEANS,25,71.87,0
2023-10-30,RIPPED_STRAIGHT_FIT_JEANS,19,71.66,0
2023-10-31,RIPPED_STRAIGHT_FIT_JEANS,18,67.39,0
2023-11-01,RIPPED_STRAIGHT_FIT_JEANS,22,71.1,0
2023-11-02,RIPPED_STRAIGHT_FIT_JEANS,22,67.59,0
2023-11-03,RIPPED_STRAIGHT_FIT_JEANS,23,67.77,0
2023-11-04,RIPPED_STRAIGHT_FIT_JEANS,24,72.75,0
2023-11-05,RIPPED_STRAIGHT_FIT_JEANS,24,71.71,0
2023-11-06,RIPPED_STRAIGHT_FIT_JEANS,19,72.62,0
2023-11-07,RIPPED_STRAIGHT_FIT_JEANS,21,70.45,0
2023-11-08,RIPPED_STRAIGHT_FIT_JEANS,13,69.72,0
2023-11-09,RIPPED_STRAIGHT_FIT_JEANS,18,71.41,0
2023-11-10,RIPPED_STRAIGHT_FIT_JEANS,16,68.6,0
2023-11-11,RIPPED_STRAIGHT_FIT_JEANS,19,68.09,0
2023-11-12,RIPPED_STRAIGHT_FIT_JEANS,20,72.75,0
2023-11-13,RIPPED_STRAIGHT_FIT_JEANS,10,69.95,0
2023-11-14,RIPPED_STRAIGHT_FIT_JEANS,14,72.15,0
2023-11-15,RIPPED_STRAIGHT_FIT_JEANS,22,71.01,0
2023-11-16,RIPPED_STRAIGHT_FIT_JEANS,14,71.24,0
2023-11-17,RIPPED_STRAIGHT_FIT_JEANS,22,68.25,0
2023-11-18,RIPPED_STRAIGHT_FIT_JEANS,22,68.67,0
2023-11-19,RIPPED_STRAIGHT_FIT_JEANS,24,68.29,0
2023-11-20,RIPPED_STRAIGHT_FIT_JEANS,16,67.93,0
2023-11-21,RIPPED_STRAIGHT_FIT_JEANS,13,70.57,0
2023-11-22,RIPPED_STRAIGHT_FIT_JEANS,45,60.58,1
2023-11-23,RIPPED_STRAIGHT_FIT_JEANS,50,54.39,1
2023-11-24,RIPPED_STRAIGHT_FIT_JEANS,32,56.96,1
2023-11-25,RIPPED_STRAIGHT_FIT_JEANS,55,55.15,1
2023-11-26,RIPPED_STRAIGHT_FIT_JEANS,40,58.27,1
2023-11-27,RIPPED_STRAIGHT_FIT_JEANS,31,59.42,1
2023-11-28,RIPPED_STRAIGHT_FIT_JEANS,43,62.87,1
2023-11-29,RIPPED_STRAIGHT_FIT_JEANS,15,72.17,0
2023-11-30,RIPPED_STRAIGHT_FIT_JEANS,15,70.44,0
2023-12-01,RIPPED_STRAIGHT_FIT_JEANS,21,66.88,0
2023-12-02,RIPPED_STRAIGHT_FIT_JEANS,26,72.04,0
2023-12-03,RIPPED_STRAIGHT_FIT_JEANS,17,72.4,0
2023-12-04,RIPPED_STRAIGHT_FIT_JEANS,13,67.31,0
2023-12-05,RIPPED_STRAIGHT_FIT_JEANS,14,66.56,0
2023-12-06,RIPPED_STRAIGHT_FIT_JEANS,20,70.36,0
2023-12-07,RIPPED_STRAIGHT_FIT_JEANS,14,68.59,0
2023-12-08,RIPPED_STRAIGHT_FIT_JEANS,14,66.51,0
2023-12-09,RIPPED_STRAIGHT_FIT_JEANS,23,71.75,0
2023-12-10,RIPPED_STRAIGHT_FIT_JEANS,26,66.68,0
2023-12-11,RIPPED_STRAIGHT_FIT_JEANS,15,72.26,0
2023-12-12,RIPPED_STRAIGHT_FIT_JEANS,19,70.77,0
2023-12-13,RIPPED_STRAIGHT_FIT_JEANS,22,72.45,0
2023-12-14,RIPPED_STRAIGHT_FIT_JEANS,21,73.33,0
2023-12-15,RIPPED_STRAIGHT_FIT_JEANS,54,69.5,0
2023-12-16,RIPPED_STRAIGHT_FIT_JEANS,32,70.58,0
2023-12-17,RIPPED_STRAIGHT_FIT_JEANS,43,72.9,0
2023-12-18,RIPPED_STRAIGHT_FIT_JEANS,17,73.36,0
2023-12-19,RIPPED_STRAIGHT_FIT_JEANS,39,70.95,0
2023-12-20,RIPPED_STRAIGHT_FIT_JEANS,40,66.78,0
2023-12-21,RIPPED_STRAIGHT_FIT_JEANS,39,71.12,0
2023-12-22,RIPPED_STRAIGHT_FIT_JEANS,42,67.57,0
2023-12-23,RIPPED_STRAIGHT_FIT_JEANS,38,71.23,0
2023-12-24,RIPPED_STRAIGHT_FIT_JEANS,32,67.5,0
2023-12-25,RIPPED_STRAIGHT_FIT_JEANS,15,70.85,0
2023-12-26,RIPPED_STRAIGHT_FIT_JEANS,11,71.33,0
2023-12-27,RIPPED_STRAIGHT_FIT_JEANS,16,69.59,0
2023-12-28,RIPPED_STRAIGHT_FIT_JEANS,18,67.59,0
2023-12-29,RIPPED_STRAIGHT_FIT_JEANS,19,66.54,0
2023-12-30,RIPPED_STRAIGHT_FIT_JEANS,21,71.3,0
2023-12-31,RIPPED_STRAIGHT_FIT_JEANS,24,72.26,0
2024-01-01,RIPPED_STRAIGHT_FIT_JEANS,24,57.55,1
2024-01-02,RIPPED_STRAIGHT_FIT_JEANS,26,54.04,1
2024-01-03,RIPPED_STRAIGHT_FIT_JEANS,27,58.54,1
2024-01-04,RIPPED_STRAIGHT_FIT_JEANS,24,56.15,1
2024-01-05,RIPPED_STRAIGHT_FIT_JEANS,22,53.31,1
2024-01-06,RIPPED_STRAIGHT_FIT_JEANS,30,61.66,1
2024-01-07,RIPPED_STRAIGHT_FIT_JEANS,28,61.47,1
2024-01-08,RIPPED_STRAIGHT_FIT_JEANS,14,72.6,0
2024-01-09,RIPPED_STRAIGHT_FIT_JEANS,16,68.41,0
2024-01-10,RIPPED_STRAIGHT_FIT_JEANS,12,72.02,0
2024-01-11,RIPPED_STRAIGHT_FIT_JEANS,15,73.21,0
2024-01-12,RIPPED_STRAIGHT_FIT_JEANS,19,69.66,0
2024-01-13,RIPPED_STRAIGHT_FIT_JEANS,17,73.22,0
2024-01-14,RIPPED_STRAIGHT_FIT_JEANS,18,72.12,0
2024-01-15,RIPPED_STRAIGHT_FIT_JEANS,12,66.9,0
2024-01-16,RIPPED_STRAIGHT_FIT_JEANS,12,67.88,0
2024-01-17,RIPPED_STRAIGHT_FIT_JEANS,14,68.28,0
2024-01-18,RIPPED_STRAIGHT_FIT_JEANS,10,67.11,0
2024-01-19,RIPPED_STRAIGHT_FIT_JEANS,16,73.21,0
2024-01-20,RIPPED_STRAIGHT_FIT_JEANS,18,71.71,0
2024-01-21,RIPPED_STRAIGHT_FIT_JEANS,18,68.35,0
2024-01-22,RIPPED_STRAIGHT_FIT_JEANS,13,71.99,0
2024-01-23,RIPPED_STRAIGHT_FIT_JEANS,11,68.03,0
2024-01-24,RIPPED_STRAIGHT_FIT_JEANS,11,67.31,0
2024-01-25,RIPPED_STRAIGHT_FIT_JEANS,12,71.12,0
2024-01-26,RIPPED_STRAIGHT_FIT_JEANS,12,66.84,0
2024-01-27,RIPPED_STRAIGHT_FIT_JEANS,20,67.43,0
2024-01-28,RIPPED_STRAIGHT_FIT_JEANS,16,68.8,0
2024-01-29,RIPPED_STRAIGHT_FIT_JEANS,12,68.52,0
2024-01-30,RIPPED_STRAIGHT_FIT_JEANS,12,70.34,0
2024-01-31,RIPPED_STRAIGHT_FIT_JEANS,13,70.46,0
2024-02-01,RIPPED_STRAIGHT_FIT_JEANS,15,69.94,0
2024-02-02,RIPPED_STRAIGHT_FIT_JEANS,17,68.32,0
2024-02-03,RIPPED_STRAIGHT_FIT_JEANS,15,69.81,0
2024-02-04,RIPPED_STRAIGHT_FIT_JEANS,18,68.55,0
2024-02-05,RIPPED_STRAIGHT_FIT_JEANS,10,72.15,0
2024-02-06,RIPPED_STRAIGHT_FIT_JEANS,14,69.61,0
2024-02-07,RIPPED_STRAIGHT_FIT_JEANS,12,71.47,0
2024-02-08,RIPPED_STRAIGHT_FIT_JEANS,19,71.84,0
2024-02-09,RIPPED_STRAIGHT_FIT_JEANS,19,72.43,0
2024-02-10,RIPPED_STRAIGHT_FIT_JEANS,19,72.28,0
2024-02-11,RIPPED_STRAIGHT_FIT_JEANS,11,73.32,0
2024-02-12,RIPPED_STRAIGHT_FIT_JEANS,11,67.77,0
2024-02-13,RIPPED_STRAIGHT_FIT_JEANS,16,69.83,0
2024-02-14,RIPPED_STRAIGHT_FIT_JEANS,14,69.78,0
2024-02-15,RIPPED_STRAIGHT_FIT_JEANS,19,72.26,0
2024-02-16,RIPPED_STRAIGHT_FIT_JEANS,19,69.25,0
2024-02-17,RIPPED_STRAIGHT_FIT_JEANS,17,68.7,0
2024-02-18,RIPPED_STRAIGHT_FIT_JEANS,24,67.29,0
2024-02-19,RIPPED_STRAIGHT_FIT_JEANS,11,67.78,0
2023-08-24,SUIT_JACKET_IN_100_LINEN_MAN,18,114.12,0
2023-08-25,SUIT_JACKET_IN_100_LINEN_MAN,40,112.73,0
2023-08-26,SUIT_JACKET_IN_100_LINEN_MAN,34,108.07,0
2023-08-27,SUIT_JACKET_IN_100_LINEN_MAN,44,106.53,0
2023-08-28,SUIT_JACKET_IN_100_LINEN_MAN,23,111.93,0
2023-08-29,SUIT_JACKET_IN_100_LINEN_MAN,27,113.85,0
2023-08-30,SUIT_JACKET_IN_100_LINEN_MAN,24,108.46,0
2023-08-31,SUIT_JACKET_IN_100_LINEN_MAN,30,104.96,0
2023-09-01,SUIT_JACKET_IN_100_LINEN_MAN,25,106.04,0
2023-09-02,SUIT_JACKET_IN_100_LINEN_MAN,30,110.87,0
2023-09-03,SUIT_JACKET_IN_100_LINEN_MAN,19,104.79,0
2023-09-04,SUIT_JACKET_IN_100_LINEN_MAN,22,110.87,0
2023-09-05,SUIT_JACKET_IN_100_LINEN_MAN,27,109.22,0
2023-09-06,SUIT_JACKET_IN_100_LINEN_MAN,21,112.84,0
2023-09-07,SUIT_JACKET_IN_100_LINEN_MAN,29,113.11,0
2023-09-08,SUIT_JACKET_IN_100_LINEN_MAN,32,107.95,0
2023-09-09,SUIT_JACKET_IN_100_LINEN_MAN,30,111.22,0
2023-09-10,SUIT_JACKET_IN_100_LINEN_MAN,34,105.87,0
2023-09-11,SUIT_JACKET_IN_100_LINEN_MAN,21,107.83,0
2023-09-12,SUIT_JACKET_IN_100_LINEN_MAN,13,108.32,0
2023-09-13,SUIT_JACKET_IN_100_LINEN_MAN,19,109.15,0
2023-09-14,SUIT_JACKET_IN_100_LINEN_MAN,23,112.09,0
2023-09-15,SUIT_JACKET_IN_100_LINEN_MAN,30,112.95,0
2023-09-16,SUIT_JACKET_IN_100_LINEN_MAN,19,113.9,0
2023-09-17,SUIT_JACKET_IN_100_LINEN_MAN,17,108.55,0
2023-09-18,SUIT_JACKET_IN_100_LINEN_MAN,16,114.23,0
2023-09-19,SUIT_JACKET_IN_100_LINEN_MAN,11,110.45,0
2023-09-20,SUIT_JACKET_IN_100_LINEN_MAN,19,106.17,0
2023-09-21,SUIT_JACKET_IN_100_LINEN_MAN,21,105.53,0
2023-09-22,SUIT_JACKET_IN_100_LINEN_MAN,18,107.32,0
2023-09-23,SUIT_JACKET_IN_100_LINEN_MAN,24,110.83,0
2023-09-24,SUIT_JACKET_IN_100_LINEN_MAN,29,105.43,0
2023-09-25,SUIT_JACKET_IN_100_LINEN_MAN,14,105.48,0
2023-09-26,SUIT_JACKET_IN_100_LINEN_MAN,16,104.52,0
2023-09-27,SUIT_JACKET_IN_100_LINEN_MAN,18,105.8,0
2023-09-28,SUIT_JACKET_IN_100_LINEN_MAN,15,107.52,0
2023-09-29,SUIT_JACKET_IN_100_LINEN_MAN,29,103.98,0
2023-09-30,SUIT_JACKET_IN_100_LINEN_MAN,24,112.26,0
2023-10-01,SUIT_JACKET_IN_100_LINEN_MAN,20,113.07,0
2023-10-02,SUIT_JACKET_IN_100_LINEN_MAN,16,113.59,0
2023-10-03,SUIT_JACKET_IN_100_LINEN_MAN,17,112.34,0
2023-10-04,SUIT_JACKET_IN_100_LINEN_MAN,17,111.71,0
2023-10-05,SUIT_JACKET_IN_100_LINEN_MAN,16,107.59,0
2023-10-06,SUIT_JACKET_IN_100_LINEN_MAN,18,108.83,0
2023-10-07,SUIT_JACKET_IN_100_LINEN_MAN,16,108.59,0
2023-10-08,SUIT_JACKET_IN_100_LINEN_MAN,29,111.7,0
2023-10-09,SUIT_JACKET_IN_100_LINEN_MAN,16,109.13,0
2023-10-10,SUIT_JACKET_IN_100_LINEN_MAN,18,109.35,0
2023-10-11,SUIT_JACKET_IN_100_LINEN_MAN,17,109.36,0
2023-10-12,SUIT_JACKET_IN_100_LINEN_MAN,14,106.19,0
2023-10-13,SUIT_JACKET_IN_100_LINEN_MAN,16,103.77,0
2023-10-14,SUIT_JACKET_IN_100_LINEN_MAN,15,107.06,0
2023-10-15,SUIT_JACKET_IN_100_LINEN_MAN,19,104.86,0
2023-10-16,SUIT_JACKET_IN_100_LINEN_MAN,11,113.26,0
2023-10-17,SUIT_JACKET_IN_100_LINEN_MAN,22,112.15,0
2023-10-18,SUIT_JACKET_IN_100_LINEN_MAN,19,108.98,0
2023-10-19,SUIT_JACKET_IN_100_LINEN_MAN,16,109.95,0
2023-10-20,SUIT_JACKET_IN_100_LINEN_MAN,15,111.68,0
2023-10-21,SUIT_JACKET_IN_100_LINEN_MAN,16,106.64,0
2023-10-22,SUIT_JACKET_IN_100_LINEN_MAN,20,107.51,0
2023-10-23,SUIT_JACKET_IN_100_LINEN_MAN,16,107.43,0
2023-10-24,SUIT_JACKET_IN_100_LINEN_MAN,21,114.3,0
2023-10-25,SUIT_JACKET_IN_100_LINEN_MAN,11,104.66,0
2023-10-26,SUIT_JACKET_IN_100_LINEN_MAN,17,105.22,0
2023-10-27,SUIT_JACKET_IN_100_LINEN_MAN,15,105.58,0
2023-10-28,SUIT_JACKET_IN_100_LINEN_MAN,18,106.66,0
2023-10-29,SUIT_JACKET_IN_100_LINEN_MAN,20,108.02,0
2023-10-30,SUIT_JACKET_IN_100_LINEN_MAN,10,114.26,0
2023-10-31,SUIT_JACKET_IN_100_LINEN_MAN,14,114.12,0
2023-11-01,SUIT_JACKET_IN_100_LINEN_MAN,12,112.98,0
2023-11-02,SUIT_JACKET_IN_100_LINEN_MAN,13,105.41,0
2023-11-03,SUIT_JACKET_IN_100_LINEN_MAN,19,110.84,0
2023-11-04,SUIT_JACKET_IN_100_LINEN_MAN,19,109.78,0
2023-11-05,SUIT_JACKET_IN_100_LINEN_MAN,21,106.6,0
2023-11-06,SUIT_JACKET_IN_100_LINEN_MAN,10,107.08,0
2023-11-07,SUIT_JACKET_IN_100_LINEN_MAN,16,108.19,0
2023-11-08,SUIT_JACKET_IN_100_LINEN_MAN,9,104.8,0
2023-11-09,SUIT_JACKET_IN_100_LINEN_MAN,14,110.21,0
2023-11-10,SUIT_JACKET_IN_100_LINEN_MAN,18,105.23,0
2023-11-11,SUIT_JACKET_IN_100_LINEN_MAN,12,108.79,0
2023-11-12,SUIT_JACKET_IN_100_LINEN_MAN,15,107.22,0
2023-11-13,SUIT_JACKET_IN_100_LINEN_MAN,11,105.02,0
2023-11-14,SUIT_JACKET_IN_100_LINEN_MAN,16,106.33,0
2023-11-15,SUIT_JACKET_IN_100_LINEN_MAN,12,110.98,0
2023-11-16,SUIT_JACKET_IN_100_LINEN_MAN,14,108.69,0
2023-11-17,SUIT_JACKET_IN_100_LINEN_MAN,19,108.04,0
2023-11-18,SUIT_JACKET_IN_100_LINEN_MAN,19,112.6,0
2023-11-19,SUIT_JACKET_IN_100_LINEN_MAN,16,114.07,0
2023-11-20,SUIT_JACKET_IN_100_LINEN_MAN,12,113.78,0
2023-11-21,SUIT_JACKET_IN_100_LINEN_MAN,11,105.53,0
2023-11-22,SUIT_JACKET_IN_100_LINEN_MAN,28,95.51,1
2023-11-23,SUIT_JACKET_IN_100_LINEN_MAN,35,94.75,1
2023-11-24,SUIT_JACKET_IN_100_LINEN_MAN,29,95.07,1
2023-11-25,SUIT_JACKET_IN_100_LINEN_MAN,40,90.3,1
2023-11-26,SUIT_JACKET_IN_100_LINEN_MAN,35,95.1,1
2023-11-27,SUIT_JACKET_IN_100_LINEN_MAN,30,87.91,1
2023-11-28,SUIT_JACKET_IN_100_LINEN_MAN,36,89.97,1
2023-11-29,SUIT_JACKET_IN_100_LINEN_MAN,10,106.08,0
2023-11-30,SUIT_JACKET_IN_100_LINEN_MAN,11,109.47,0
2023-12-01,SUIT_JACKET_IN_100_LINEN_MAN,16,113.43,0
2023-12-02,SUIT_JACKET_IN_100_LINEN_MAN,12,113.79,0
2023-12-03,SUIT_JACKET_IN_100_LINEN_MAN,16,110.39,0
2023-12-04,SUIT_JACKET_IN_100_LINEN_MAN,8,112.2,0
2023-12-05,SUIT_JACKET_IN_100_LINEN_MAN,11,110.31,0
2023-12-06,SUIT_JACKET_IN_100_LINEN_MAN,14,112.15,0
2023-12-07,SUIT_JACKET_IN_100_LINEN_MAN,11,105.2,0
2023-12-08,SUIT_JACKET_IN_100_LINEN_MAN,10,111.66,0
2023-12-09,SUIT_JACKET_IN_100_LINEN_MAN,12,103.92,0
2023-12-10,SUIT_JACKET_IN_100_LINEN_MAN,19,113.11,0
2023-12-11,SUIT_JACKET_IN_100_LINEN_MAN,10,107.28,0
2023-12-12,SUIT_JACKET_IN_100_LINEN_MAN,14,105.18,0
2023-12-13,SUIT_JACKET_IN_100_LINEN_MAN,10,106.05,0
2023-12-14,SUIT_JACKET_IN_100_LINEN_MAN,13,110.54,0
2023-12-15,SUIT_JACKET_IN_100_LINEN_MAN,33,109.47,0
2023-12-16,SUIT_JACKET_IN_100_LINEN_MAN,19,113.45,0
2023-12-17,SUIT_JACKET_IN_100_LINEN_MAN,26,107.92,0
2023-12-18,SUIT_JACKET_IN_100_LINEN_MAN,18,110.21,0
2023-12-19,SUIT_JACKET_IN_100_LINEN_MAN,25,113.06,0
2023-12-20,SUIT_JACKET_IN_100_LINEN_MAN,35,113.61,0
2023-12-21,SUIT_JACKET_IN_100_LINEN_MAN,26,105.21,0
2023-12-22,SUIT_JACKET_IN_100_LINEN_MAN,18,111.58,0
2023-12-23,SUIT_JACKET_IN_100_LINEN_MAN,45,113.64,0
2023-12-24,SUIT_JACKET_IN_100_LINEN_MAN,40,107.9,0
2023-12-25,SUIT_JACKET_IN_100_LINEN_MAN,10,104.15,0
2023-12-26,SUIT_JACKET_IN_100_LINEN_MAN,12,103.6,0
2023-12-27,SUIT_JACKET_IN_100_LINEN_MAN,9,107.19,0
2023-12-28,SUIT_JACKET_IN_100_LINEN_MAN,12,113.58,0
2023-12-29,SUIT_JACKET_IN_100_LINEN_MAN,6,107.33,0
2023-12-30,SUIT_JACKET_IN_100_LINEN_MAN,17,108.48,0
2023-12-31,SUIT_JACKET_IN_100_LINEN_MAN,11,106.0,0
2024-01-01,SUIT_JACKET_IN_100_LINEN_MAN,13,89.9,1
2024-01-02,SUIT_JACKET_IN_100_LINEN_MAN,15,96.71,1
2024-01-03,SUIT_JACKET_IN_100_LINEN_MAN,21,81.96,1
2024-01-04,SUIT_JACKET_IN_100_LINEN_MAN,22,84.66,1
2024-01-05,SUIT_JACKET_IN_100_LINEN_MAN,22,83.15,1
2024-01-06,SUIT_JACKET_IN_100_LINEN_MAN,20,89.96,1
2024-01-07,SUIT_JACKET_IN_100_LINEN_MAN,22,85.18,1
2024-01-08,SUIT_JACKET_IN_100_LINEN_MAN,8,113.34,0
2024-01-09,SUIT_JACKET_IN_100_LINEN_MAN,9,103.95,0
2024-01-10,SUIT_JACKET_IN_100_LINEN_MAN,9,108.7,0
2024-01-11,SUIT_JACKET_IN_100_LINEN_MAN,9,112.0,0
2024-01-12,SUIT_JACKET_IN_100_LINEN_MAN,12,108.49,0
2024-01-13,SUIT_JACKET_IN_100_LINEN_MAN,6,107.92,0
2024-01-14,SUIT_JACKET_IN_100_LINEN_MAN,16,109.65,0
2024-01-15,SUIT_JACKET_IN_100_LINEN_MAN,8,112.94,0
2024-01-16,SUIT_JACKET_IN_100_LINEN_MAN,9,113.86,0
2024-01-17,SUIT_JACKET_IN_100_LINEN_MAN,7,110.57,0
2024-01-18,SUIT_JACKET_IN_100_LINEN_MAN,8,108.01,0
2024-01-19,SUIT_JACKET_IN_100_LINEN_MAN,14,103.85,0
2024-01-20,SUIT_JACKET_IN_100_LINEN_MAN,16,105.97,0
2024-01-21,SUIT_JACKET_IN_100_LINEN_MAN,15,103.76,0
2024-01-22,SUIT_JACKET_IN_100_LINEN_MAN,7,104.68,0
2024-01-23,SUIT_JACKET_IN_100_LINEN_MAN,9,110.66,0
2024-01-24,SUIT_JACKET_IN_100_LINEN_MAN,11,106.15,0
2024-01-25,SUIT_JACKET_IN_100_LINEN_MAN,10,111.42,0
2024-01-26,SUIT_JACKET_IN_100_LINEN_MAN,11,112.88,0
2024-01-27,SUIT_JACKET_IN_100_LINEN_MAN,12,110.83,0
2024-01-28,SUIT_JACKET_IN_100_LINEN_MAN,16,105.78,0
2024-01-29,SUIT_JACKET_IN_100_LINEN_MAN,10,103.69,0
2024-01-30,SUIT_JACKET_IN_100_LINEN_MAN,10,104.48,0
2024-01-31,SUIT_JACKET_IN_100_LINEN_MAN,11,108.14,0
2024-02-01,SUIT_JACKET_IN_100_LINEN_MAN,8,113.28,0
2024-02-02,SUIT_JACKET_IN_100_LINEN_MAN,11,106.38,0
2024-02-03,SUIT_JACKET_IN_100_LINEN_MAN,16,107.69,0
2024-02-04,SUIT_JACKET_IN_100_LINEN_MAN,9,110.35,0
2024-02-05,SUIT_JACKET_IN_100_LINEN_MAN,10,108.01,0
2024-02-06,SUIT_JACKET_IN_100_LINEN_MAN,6,106.76,0
2024-02-07,SUIT_JACKET_IN_100_LINEN_MAN,14,113.89,0
2024-02-08,SUIT_JACKET_IN_100_LINEN_MAN,9,113.02,0
2024-02-09,SUIT_JACKET_IN_100_LINEN_MAN,13,108.86,0
2024-02-10,SUIT_JACKET_IN_100_LINEN_MAN,14,108.18,0
2024-02-11,SUIT_JACKET_IN_100_LINEN_MAN,14,103.79,0
2024-02-12,SUIT_JACKET_IN_100_LINEN_MAN,10,110.45,0
2024-02-13,SUIT_JACKET_IN_100_LINEN_MAN,7,106.36,0
2024-02-14,SUIT_JACKET_IN_100_LINEN_MAN,11,114.28,0
2024-02-15,SUIT_JACKET_IN_100_LINEN_MAN,11,109.28,0
2024-02-16,SUIT_JACKET_IN_100_LINEN_MAN,11,103.75,0
2024-02-17,SUIT_JACKET_IN_100_LINEN_MAN,12,113.52,0
2024-02-18,SUIT_JACKET_IN_100_LINEN_MAN,15,106.54,0
2024-02-19,SUIT_JACKET_IN_100_LINEN_MAN,8,109.59,0
